Component: ARM Compiler 6.16 Tool: armlink [5dfeaa00]

==============================================================================

Section Cross References

    startup_stm32u083xx.o(STACK) refers (Special) to heapauxi.o(.text) for __use_two_region_memory
    startup_stm32u083xx.o(HEAP) refers (Special) to heapauxi.o(.text) for __use_two_region_memory
    startup_stm32u083xx.o(RESET) refers (Special) to heapauxi.o(.text) for __use_two_region_memory
    startup_stm32u083xx.o(RESET) refers to startup_stm32u083xx.o(STACK) for __initial_sp
    startup_stm32u083xx.o(RESET) refers to startup_stm32u083xx.o(.text) for Reset_Handler
    startup_stm32u083xx.o(RESET) refers to stm32u0xx_it.o(.text.NMI_Handler) for NMI_Handler
    startup_stm32u083xx.o(RESET) refers to stm32u0xx_it.o(.text.HardFault_Handler) for HardFault_Handler
    startup_stm32u083xx.o(RESET) refers to stm32u0xx_it.o(.text.SVC_Handler) for SVC_Handler
    startup_stm32u083xx.o(RESET) refers to stm32u0xx_it.o(.text.PendSV_Handler) for PendSV_Handler
    startup_stm32u083xx.o(RESET) refers to stm32u0xx_it.o(.text.SysTick_Handler) for SysTick_Handler
    startup_stm32u083xx.o(RESET) refers to stm32u0xx_it.o(.text.USART2_LPUART2_IRQHandler) for USART2_LPUART2_IRQHandler
    startup_stm32u083xx.o(RESET) refers to stm32u0xx_it.o(.text.USART4_LPUART3_IRQHandler) for USART4_LPUART3_IRQHandler
    startup_stm32u083xx.o(.text) refers (Special) to heapauxi.o(.text) for __use_two_region_memory
    startup_stm32u083xx.o(.text) refers to system_stm32u0xx.o(.text.SystemInit) for SystemInit
    startup_stm32u083xx.o(.text) refers to __main.o(!!!main) for __main
    startup_stm32u083xx.o(.text) refers to startup_stm32u083xx.o(HEAP) for Heap_Mem
    startup_stm32u083xx.o(.text) refers to startup_stm32u083xx.o(STACK) for Stack_Mem
    main.o(.text) refers (Special) to _printf_d.o(.ARM.Collect$$_printf_percent$$00000009) for _printf_d
    main.o(.text) refers (Special) to _printf_dec.o(.text) for _printf_int_dec
    main.o(.text) refers (Special) to _printf_percent.o(.ARM.Collect$$_printf_percent$$00000000) for _printf_percent
    main.o(.text) refers (Special) to _printf_s.o(.ARM.Collect$$_printf_percent$$00000014) for _printf_s
    main.o(.text) refers (Special) to _printf_str.o(.text) for _printf_str
    main.o(.text.UART_SendLine) refers (Special) to _printf_d.o(.ARM.Collect$$_printf_percent$$00000009) for _printf_d
    main.o(.text.UART_SendLine) refers (Special) to _printf_dec.o(.text) for _printf_int_dec
    main.o(.text.UART_SendLine) refers (Special) to _printf_percent.o(.ARM.Collect$$_printf_percent$$00000000) for _printf_percent
    main.o(.text.UART_SendLine) refers (Special) to _printf_s.o(.ARM.Collect$$_printf_percent$$00000014) for _printf_s
    main.o(.text.UART_SendLine) refers (Special) to _printf_str.o(.text) for _printf_str
    main.o(.text.UART_SendLine) refers to __2snprintf.o(.text) for __2snprintf
    main.o(.text.UART_SendLine) refers to stm32u0xx_hal_uart.o(.text.HAL_UART_AbortReceive) for HAL_UART_AbortReceive
    main.o(.text.UART_SendLine) refers to stm32u0xx_hal_uart.o(.text.HAL_UART_Transmit) for HAL_UART_Transmit
    main.o(.text.UART_SendLine) refers to stm32u0xx_hal_uart.o(.text.HAL_UART_Receive_IT) for HAL_UART_Receive_IT
    main.o(.text.UART_SendLine) refers to main.o(.rodata.str1.1) for [Anonymous Symbol]
    main.o(.text.UART_SendLine) refers to main.o(.bss.huart4) for huart4
    main.o(.text.UART_SendLine) refers to main.o(.bss..L_MergedGlobals) for [Anonymous Symbol]
    main.o(.ARM.exidx.text.UART_SendLine) refers (Special) to _printf_d.o(.ARM.Collect$$_printf_percent$$00000009) for _printf_d
    main.o(.ARM.exidx.text.UART_SendLine) refers (Special) to _printf_dec.o(.text) for _printf_int_dec
    main.o(.ARM.exidx.text.UART_SendLine) refers (Special) to _printf_percent.o(.ARM.Collect$$_printf_percent$$00000000) for _printf_percent
    main.o(.ARM.exidx.text.UART_SendLine) refers (Special) to _printf_s.o(.ARM.Collect$$_printf_percent$$00000014) for _printf_s
    main.o(.ARM.exidx.text.UART_SendLine) refers (Special) to _printf_str.o(.text) for _printf_str
    main.o(.ARM.exidx.text.UART_SendLine) refers to main.o(.text.UART_SendLine) for [Anonymous Symbol]
    main.o(.text.HAL_UART_RxCpltCallback) refers (Special) to _printf_d.o(.ARM.Collect$$_printf_percent$$00000009) for _printf_d
    main.o(.text.HAL_UART_RxCpltCallback) refers (Special) to _printf_dec.o(.text) for _printf_int_dec
    main.o(.text.HAL_UART_RxCpltCallback) refers (Special) to _printf_percent.o(.ARM.Collect$$_printf_percent$$00000000) for _printf_percent
    main.o(.text.HAL_UART_RxCpltCallback) refers (Special) to _printf_s.o(.ARM.Collect$$_printf_percent$$00000014) for _printf_s
    main.o(.text.HAL_UART_RxCpltCallback) refers (Special) to _printf_str.o(.text) for _printf_str
    main.o(.text.HAL_UART_RxCpltCallback) refers to rt_memclr.o(.text) for __aeabi_memclr
    main.o(.text.HAL_UART_RxCpltCallback) refers to memcmp.o(.text) for memcmp
[...]
    Removing stm32u0xx_hal_uart.o(.text.UART_DMAReceiveCplt), (170 bytes).
    Removing stm32u0xx_hal_uart.o(.ARM.exidx.text.UART_DMAReceiveCplt), (8 bytes).
    Removing stm32u0xx_hal_uart.o(.text.UART_DMARxHalfCplt), (56 bytes).
    Removing stm32u0xx_hal_uart.o(.ARM.exidx.text.UART_DMARxHalfCplt), (8 bytes).
    Removing stm32u0xx_hal_uart_ex.o(.text), (0 bytes).
    Removing stm32u0xx_hal_uart_ex.o(.text.HAL_RS485Ex_Init), (144 bytes).
    Removing stm32u0xx_hal_uart_ex.o(.ARM.exidx.text.HAL_RS485Ex_Init), (8 bytes).
    Removing stm32u0xx_hal_uart_ex.o(.ARM.exidx.text.HAL_UARTEx_WakeupCallback), (8 bytes).
    Removing stm32u0xx_hal_uart_ex.o(.ARM.exidx.text.HAL_UARTEx_RxFifoFullCallback), (8 bytes).
    Removing stm32u0xx_hal_uart_ex.o(.ARM.exidx.text.HAL_UARTEx_TxFifoEmptyCallback), (8 bytes).
    Removing stm32u0xx_hal_uart_ex.o(.text.HAL_MultiProcessorEx_AddressLength_Set), (48 bytes).
    Removing stm32u0xx_hal_uart_ex.o(.ARM.exidx.text.HAL_MultiProcessorEx_AddressLength_Set), (8 bytes).
    Removing stm32u0xx_hal_uart_ex.o(.text.HAL_UARTEx_StopModeWakeUpSourceConfig), (144 bytes).
    Removing stm32u0xx_hal_uart_ex.o(.ARM.exidx.text.HAL_UARTEx_StopModeWakeUpSourceConfig), (8 bytes).
    Removing stm32u0xx_hal_uart_ex.o(.text.HAL_UARTEx_EnableStopMode), (50 bytes).
    Removing stm32u0xx_hal_uart_ex.o(.ARM.exidx.text.HAL_UARTEx_EnableStopMode), (8 bytes).
    Removing stm32u0xx_hal_uart_ex.o(.text.HAL_UARTEx_DisableStopMode), (50 bytes).
    Removing stm32u0xx_hal_uart_ex.o(.ARM.exidx.text.HAL_UARTEx_DisableStopMode), (8 bytes).
    Removing stm32u0xx_hal_uart_ex.o(.text.HAL_UARTEx_EnableFifoMode), (112 bytes).
    Removing stm32u0xx_hal_uart_ex.o(.ARM.exidx.text.HAL_UARTEx_EnableFifoMode), (8 bytes).
    Removing stm32u0xx_hal_uart_ex.o(.ARM.exidx.text.HAL_UARTEx_DisableFifoMode), (8 bytes).
    Removing stm32u0xx_hal_uart_ex.o(.ARM.exidx.text.HAL_UARTEx_SetTxFifoThreshold), (8 bytes).
    Removing stm32u0xx_hal_uart_ex.o(.ARM.exidx.text.HAL_UARTEx_SetRxFifoThreshold), (8 bytes).
    Removing stm32u0xx_hal_uart_ex.o(.text.HAL_UARTEx_ReceiveToIdle), (476 bytes).
    Removing stm32u0xx_hal_uart_ex.o(.ARM.exidx.text.HAL_UARTEx_ReceiveToIdle), (8 bytes).
    Removing stm32u0xx_hal_uart_ex.o(.text.HAL_UARTEx_ReceiveToIdle_IT), (98 bytes).
    Removing stm32u0xx_hal_uart_ex.o(.ARM.exidx.text.HAL_UARTEx_ReceiveToIdle_IT), (8 bytes).
    Removing stm32u0xx_hal_uart_ex.o(.text.HAL_UARTEx_ReceiveToIdle_DMA), (108 bytes).
    Removing stm32u0xx_hal_uart_ex.o(.ARM.exidx.text.HAL_UARTEx_ReceiveToIdle_DMA), (8 bytes).
    Removing stm32u0xx_hal_uart_ex.o(.text.HAL_UARTEx_GetRxEventType), (4 bytes).
    Removing stm32u0xx_hal_uart_ex.o(.ARM.exidx.text.HAL_UARTEx_GetRxEventType), (8 bytes).
    Removing system_stm32u0xx.o(.text), (0 bytes).
    Removing system_stm32u0xx.o(.ARM.exidx.text.SystemInit), (8 bytes).
    Removing system_stm32u0xx.o(.text.SystemCoreClockUpdate), (208 bytes).
    Removing system_stm32u0xx.o(.ARM.exidx.text.SystemCoreClockUpdate), (8 bytes).

582 unused section(s) (total 19800 bytes) removed from the image.

==============================================================================

Image Symbol Table

    Local Symbols

    Symbol Name                              Value     Ov Type        Size  Object(Section)

    ../clib/angel/boardlib.s                 0x00000000   Number         0  boardinit1.o ABSOLUTE
    ../clib/angel/boardlib.s                 0x00000000   Number         0  boardinit2.o ABSOLUTE
    ../clib/angel/boardlib.s                 0x00000000   Number         0  boardinit3.o ABSOLUTE
    ../clib/angel/boardlib.s                 0x00000000   Number         0  boardshut.o ABSOLUTE
    ../clib/angel/handlers.s                 0x00000000   Number         0  __scatter_copy.o ABSOLUTE
    ../clib/angel/handlers.s                 0x00000000   Number         0  __scatter_zi.o ABSOLUTE
    ../clib/angel/kernel.s                   0x00000000   Number         0  __rtentry.o ABSOLUTE
    ../clib/angel/kernel.s                   0x00000000   Number         0  __rtentry2.o ABSOLUTE
    ../clib/angel/kernel.s                   0x00000000   Number         0  __rtentry4.o ABSOLUTE
    ../clib/angel/kernel.s                   0x00000000   Number         0  rtexit.o ABSOLUTE
    ../clib/angel/kernel.s                   0x00000000   Number         0  rtexit2.o ABSOLUTE
    ../clib/angel/rt.s                       0x00000000   Number         0  aeabi_idiv0.o ABSOLUTE
    ../clib/angel/rt.s                       0x00000000   Number         0  aeabi_idiv0_sigfpe.o ABSOLUTE
    ../clib/angel/rt.s                       0x00000000   Number         0  aeabi_ldiv0.o ABSOLUTE
    ../clib/angel/rt.s                       0x00000000   Number         0  aeabi_ldiv0_sigfpe.o ABSOLUTE
    ../clib/angel/rt.s                       0x00000000   Number         0  rt_div0.o ABSOLUTE
    ../clib/angel/rt.s                       0x00000000   Number         0  rt_raise.o ABSOLUTE
    ../clib/angel/scatterp.s                 0x00000000   Number         0  __scatter.o ABSOLUTE
    ../clib/angel/startup.s                  0x00000000   Number         0  __main.o ABSOLUTE
    ../clib/angel/sys.s                      0x00000000   Number         0  sys_stackheap_outer.o ABSOLUTE
    ../clib/angel/sys.s                      0x00000000   Number         0  libspace.o ABSOLUTE
    ../clib/angel/sys.s                      0x00000000   Number         0  tempstk.o ABSOLUTE
    ../clib/angel/sys.s                      0x00000000   Number         0  use_no_semi.o ABSOLUTE
    ../clib/angel/sys.s                      0x00000000   Number         0  indicate_semi.o ABSOLUTE
    ../clib/angel/sysapp.c                   0x00000000   Number         0  sys_exit.o ABSOLUTE
    ../clib/angel/sysapp.c                   0x00000000   Number         0  sys_exit_hlt.o ABSOLUTE
    ../clib/angel/sysapp.c                   0x00000000   Number         0  sys_wrch.o ABSOLUTE
    ../clib/angel/sysapp.c                   0x00000000   Number         0  sys_wrch_hlt.o ABSOLUTE
    ../clib/angel/sysapp.c                   0x00000000   Number         0  sys_command.o ABSOLUTE
    ../clib/angel/sysapp.c                   0x00000000   Number         0  sys_command_hlt.o ABSOLUTE
    ../clib/armsys.c                         0x00000000   Number         0  argv_veneer.o ABSOLUTE
    ../clib/armsys.c                         0x00000000   Number         0  _get_argv_nomalloc.o ABSOLUTE
    ../clib/armsys.c                         0x00000000   Number         0  no_argv.o ABSOLUTE
    ../clib/division.c                       0x00000000   Number         0  lludiv.o ABSOLUTE
    ../clib/division.c                       0x00000000   Number         0  rtudiv10.o ABSOLUTE
    ../clib/division.s                       0x00000000   Number         0  aeabi_sdivfast.o ABSOLUTE
    ../clib/division.s                       0x00000000   Number         0  aeabi_sdivfast_div0.o ABSOLUTE
    ../clib/heapalloc.c                      0x00000000   Number         0  hrguard.o ABSOLUTE
    ../clib/heapaux.c                        0x00000000   Number         0  heapauxi.o ABSOLUTE
    ../clib/libinit.s                        0x00000000   Number         0  libinit.o ABSOLUTE
    ../clib/libinit.s                        0x00000000   Number         0  libinit2.o ABSOLUTE
    ../clib/libinit.s                        0x00000000   Number         0  libshutdown.o ABSOLUTE
    ../clib/libinit.s                        0x00000000   Number         0  libshutdown2.o ABSOLUTE
    ../clib/memcpset.c                       0x00000000   Number         0  rt_memclr.o ABSOLUTE
    ../clib/misc.s                           0x00000000   Number         0  printf_stubs.o ABSOLUTE
    ../clib/printf.c                         0x00000000   Number         0  __2snprintf.o ABSOLUTE
    ../clib/printf.c                         0x00000000   Number         0  noretval__2snprintf.o ABSOLUTE
    ../clib/printf.c                         0x00000000   Number         0  __printf.o ABSOLUTE
    ../clib/printf.c                         0x00000000   Number         0  _printf_str.o ABSOLUTE
    ../clib/printf.c                         0x00000000   Number         0  _printf_dec.o ABSOLUTE
    ../clib/printf.c                         0x00000000   Number         0  __printf_flags.o ABSOLUTE
    ../clib/printf.c                         0x00000000   Number         0  __printf_ss.o ABSOLUTE
    ../clib/printf.c                         0x00000000   Number         0  __printf_flags_ss.o ABSOLUTE
    ../clib/printf.c                         0x00000000   Number         0  __printf_wp.o ABSOLUTE
    ../clib/printf.c                         0x00000000   Number         0  __printf_flags_wp.o ABSOLUTE
    ../clib/printf.c                         0x00000000   Number         0  __printf_ss_wp.o ABSOLUTE
    ../clib/printf.c                         0x00000000   Number         0  __printf_flags_ss_wp.o ABSOLUTE
    ../clib/printf.c                         0x00000000   Number         0  _printf_intcommon.o ABSOLUTE
    ../clib/printf.c                         0x00000000   Number         0  _printf_char_common.o ABSOLUTE
    ../clib/printf.c                         0x00000000   Number         0  _sputc.o ABSOLUTE
    ../clib/printf.c                         0x00000000   Number         0  _snputc.o ABSOLUTE
    ../clib/printf.c                         0x00000000   Number         0  _printf_char.o ABSOLUTE
    ../clib/printf.c                         0x00000000   Number         0  __printf_nopercent.o ABSOLUTE
    ../clib/printf_percent.s                 0x00000000   Number         0  _printf_s.o ABSOLUTE
    ../clib/printf_percent.s                 0x00000000   Number         0  _printf_d.o ABSOLUTE
    ../clib/printf_percent.s                 0x00000000   Number         0  _printf_percent.o ABSOLUTE
    ../clib/printf_percent.s                 0x00000000   Number         0  _printf_percent_end.o ABSOLUTE
    ../clib/signal.c                         0x00000000   Number         0  defsig_fpe_outer.o ABSOLUTE
    ../clib/signal.c                         0x00000000   Number         0  defsig_fpe_formal.o ABSOLUTE
    ../clib/signal.c                         0x00000000   Number         0  defsig_exit.o ABSOLUTE
    ../clib/signal.c                         0x00000000   Number         0  defsig_fpe_inner.o ABSOLUTE
    ../clib/signal.c                         0x00000000   Number         0  __raise.o ABSOLUTE
    ../clib/signal.c                         0x00000000   Number         0  defsig_general.o ABSOLUTE
    ../clib/signal.c                         0x00000000   Number         0  defsig_abrt_inner.o ABSOLUTE
    ../clib/signal.c                         0x00000000   Number         0  defsig_rtred_inner.o ABSOLUTE
    ../clib/signal.c                         0x00000000   Number         0  defsig_rtmem_inner.o ABSOLUTE
    ../clib/signal.c                         0x00000000   Number         0  defsig_rtmem_outer.o ABSOLUTE
    ../clib/signal.c                         0x00000000   Number         0  defsig_rtmem_formal.o ABSOLUTE
    ../clib/signal.c                         0x00000000   Number         0  defsig_stak_inner.o ABSOLUTE
    ../clib/signal.c                         0x00000000   Number         0  defsig_pvfn_inner.o ABSOLUTE
    ../clib/signal.c                         0x00000000   Number         0  defsig_cppl_inner.o ABSOLUTE
    ../clib/signal.c                         0x00000000   Number         0  defsig_segv_inner.o ABSOLUTE
    ../clib/signal.c                         0x00000000   Number         0  defsig_other.o ABSOLUTE
    ../clib/signal.s                         0x00000000   Number         0  defsig.o ABSOLUTE
    ../clib/stdlib.c                         0x00000000   Number         0  exit.o ABSOLUTE
    ../clib/string.c                         0x00000000   Number         0  memcmp.o ABSOLUTE
    ../fplib/cfplib/fpinit.c                 0x00000000   Number         0  fpinit.o ABSOLUTE
    dc.s                                     0x00000000   Number         0  dc.o ABSOLUTE
    main.c                                   0x00000000   Number         0  main.o ABSOLUTE
    startup_stm32u083xx.s                    0x00000000   Number         0  startup_stm32u083xx.o ABSOLUTE
    stm32u0xx_hal.c                          0x00000000   Number         0  stm32u0xx_hal.o ABSOLUTE
    stm32u0xx_hal_cortex.c                   0x00000000   Number         0  stm32u0xx_hal_cortex.o ABSOLUTE
    stm32u0xx_hal_dma.c                      0x00000000   Number         0  stm32u0xx_hal_dma.o ABSOLUTE
    stm32u0xx_hal_dma_ex.c                   0x00000000   Number         0  stm32u0xx_hal_dma_ex.o ABSOLUTE
    stm32u0xx_hal_exti.c                     0x00000000   Number         0  stm32u0xx_hal_exti.o ABSOLUTE
    stm32u0xx_hal_flash.c                    0x00000000   Number         0  stm32u0xx_hal_flash.o ABSOLUTE
    stm32u0xx_hal_flash_ex.c                 0x00000000   Number         0  stm32u0xx_hal_flash_ex.o ABSOLUTE
    stm32u0xx_hal_gpio.c                     0x00000000   Number         0  stm32u0xx_hal_gpio.o ABSOLUTE
    stm32u0xx_hal_msp.c                      0x00000000   Number         0  stm32u0xx_hal_msp.o ABSOLUTE
    stm32u0xx_hal_pwr.c                      0x00000000   Number         0  stm32u0xx_hal_pwr.o ABSOLUTE
    stm32u0xx_hal_pwr_ex.c                   0x00000000   Number         0  stm32u0xx_hal_pwr_ex.o ABSOLUTE
    stm32u0xx_hal_rcc.c                      0x00000000   Number         0  stm32u0xx_hal_rcc.o ABSOLUTE
    stm32u0xx_hal_rcc_ex.c                   0x00000000   Number         0  stm32u0xx_hal_rcc_ex.o ABSOLUTE
    stm32u0xx_hal_uart.c                     0x00000000   Number         0  stm32u0xx_hal_uart.o ABSOLUTE
    stm32u0xx_hal_uart_ex.c                  0x00000000   Number         0  stm32u0xx_hal_uart_ex.o ABSOLUTE
    stm32u0xx_it.c                           0x00000000   Number         0  stm32u0xx_it.o ABSOLUTE
    system_stm32u0xx.c                       0x00000000   Number         0  system_stm32u0xx.o ABSOLUTE
    RESET                                    0x08000000   Section      192  startup_stm32u083xx.o(RESET)
    !!!main                                  0x080000c0   Section        8  __main.o(!!!main)
    !!!scatter                               0x080000c8   Section       60  __scatter.o(!!!scatter)
    !!handler_copy                           0x08000104   Section       26  __scatter_copy.o(!!handler_copy)
    !!handler_zi                             0x08000120   Section       28  __scatter_zi.o(!!handler_zi)
    .ARM.Collect$$_printf_percent$$00000000  0x0800013c   Section        2  _printf_percent.o(.ARM.Collect$$_printf_percent$$00000000)
    .ARM.Collect$$_printf_percent$$00000009  0x0800013e   Section       10  _printf_d.o(.ARM.Collect$$_printf_percent$$00000009)
    .ARM.Collect$$_printf_percent$$00000014  0x08000148   Section       10  _printf_s.o(.ARM.Collect$$_printf_percent$$00000014)
    .ARM.Collect$$_printf_percent$$00000017  0x08000152   Section        4  _printf_percent_end.o(.ARM.Collect$$_printf_percent$$00000017)
    .ARM.Collect$$libinit$$00000000          0x08000156   Section        2  libinit.o(.ARM.Collect$$libinit$$00000000)
    .ARM.Collect$$libinit$$00000002          0x08000158   Section        0  libinit2.o(.ARM.Collect$$libinit$$00000002)
    .ARM.Collect$$libinit$$00000004          0x08000158   Section        0  libinit2.o(.ARM.Collect$$libinit$$00000004)
    .ARM.Collect$$libinit$$0000000A          0x08000158   Section        0  libinit2.o(.ARM.Collect$$libinit$$0000000A)
    .ARM.Collect$$libinit$$0000000C          0x08000158   Section        0  libinit2.o(.ARM.Collect$$libinit$$0000000C)
    .ARM.Collect$$libinit$$0000000E          0x08000158   Section        0  libinit2.o(.ARM.Collect$$libinit$$0000000E)
    .ARM.Collect$$libinit$$00000011          0x08000158   Section        0  libinit2.o(.ARM.Collect$$libinit$$00000011)
    .ARM.Collect$$libinit$$00000013          0x08000158   Section        0  libinit2.o(.ARM.Collect$$libinit$$00000013)
    .ARM.Collect$$libinit$$00000015          0x08000158   Section        0  libinit2.o(.ARM.Collect$$libinit$$00000015)
    .ARM.Collect$$libinit$$00000017          0x08000158   Section        0  libinit2.o(.ARM.Collect$$libinit$$00000017)
    .ARM.Collect$$libinit$$00000019          0x08000158   Section        0  libinit2.o(.ARM.Collect$$libinit$$00000019)
    .ARM.Collect$$libinit$$0000001B          0x08000158   Section        0  libinit2.o(.ARM.Collect$$libinit$$0000001B)
    .ARM.Collect$$libinit$$0000001D          0x08000158   Section        0  libinit2.o(.ARM.Collect$$libinit$$0000001D)
    .ARM.Collect$$libinit$$0000001F          0x08000158   Section        0  libinit2.o(.ARM.Collect$$libinit$$0000001F)
    .ARM.Collect$$libinit$$00000021          0x08000158   Section        0  libinit2.o(.ARM.Collect$$libinit$$00000021)
    .ARM.Collect$$libinit$$00000023          0x08000158   Section        0  libinit2.o(.ARM.Collect$$libinit$$00000023)
    .ARM.Collect$$libinit$$00000025          0x08000158   Section        0  libinit2.o(.ARM.Collect$$libinit$$00000025)
    .ARM.Collect$$libinit$$0000002C          0x08000158   Section        0  libinit2.o(.ARM.Collect$$libinit$$0000002C)
    .ARM.Collect$$libinit$$0000002E          0x08000158   Section        0  libinit2.o(.ARM.Collect$$libinit$$0000002E)
    .ARM.Collect$$libinit$$00000030          0x08000158   Section        0  libinit2.o(.ARM.Collect$$libinit$$00000030)
    .ARM.Collect$$libinit$$00000032          0x08000158   Section        0  libinit2.o(.ARM.Collect$$libinit$$00000032)
    .ARM.Collect$$libinit$$00000033          0x08000158   Section        2  libinit2.o(.ARM.Collect$$libinit$$00000033)
    .ARM.Collect$$libshutdown$$00000000      0x0800015a   Section        2  libshutdown.o(.ARM.Collect$$libshutdown$$00000000)
    .ARM.Collect$$libshutdown$$00000002      0x0800015c   Section        0  libshutdown2.o(.ARM.Collect$$libshutdown$$00000002)
    .ARM.Collect$$libshutdown$$00000004      0x0800015c   Section        0  libshutdown2.o(.ARM.Collect$$libshutdown$$00000004)
    .ARM.Collect$$libshutdown$$00000007      0x0800015c   Section        0  libshutdown2.o(.ARM.Collect$$libshutdown$$00000007)
    .ARM.Collect$$libshutdown$$0000000A      0x0800015c   Section        0  libshutdown2.o(.ARM.Collect$$libshutdown$$0000000A)
    .ARM.Collect$$libshutdown$$0000000C      0x0800015c   Section        0  libshutdown2.o(.ARM.Collect$$libshutdown$$0000000C)
    .ARM.Collect$$libshutdown$$0000000F      0x0800015c   Section        0  libshutdown2.o(.ARM.Collect$$libshutdown$$0000000F)
    .ARM.Collect$$libshutdown$$00000010      0x0800015c   Section        2  libshutdown2.o(.ARM.Collect$$libshutdown$$00000010)
    .ARM.Collect$$rtentry$$00000000          0x0800015e   Section        0  __rtentry.o(.ARM.Collect$$rtentry$$00000000)
    .ARM.Collect$$rtentry$$00000002          0x0800015e   Section        0  __rtentry2.o(.ARM.Collect$$rtentry$$00000002)
    .ARM.Collect$$rtentry$$00000004          0x0800015e   Section        6  __rtentry4.o(.ARM.Collect$$rtentry$$00000004)
    .ARM.Collect$$rtentry$$00000009          0x08000164   Section        0  __rtentry2.o(.ARM.Collect$$rtentry$$00000009)
    .ARM.Collect$$rtentry$$0000000A          0x08000164   Section        4  __rtentry2.o(.ARM.Collect$$rtentry$$0000000A)
    .ARM.Collect$$rtentry$$0000000C          0x08000168   Section        0  __rtentry2.o(.ARM.Collect$$rtentry$$0000000C)
    .ARM.Collect$$rtentry$$0000000D          0x08000168   Section        8  __rtentry2.o(.ARM.Collect$$rtentry$$0000000D)
    .ARM.Collect$$rtexit$$00000000           0x08000170   Section        2  rtexit.o(.ARM.Collect$$rtexit$$00000000)
    .ARM.Collect$$rtexit$$00000002           0x08000172   Section        0  rtexit2.o(.ARM.Collect$$rtexit$$00000002)
    .ARM.Collect$$rtexit$$00000003           0x08000172   Section        4  rtexit2.o(.ARM.Collect$$rtexit$$00000003)
    .ARM.Collect$$rtexit$$00000004           0x08000176   Section        6  rtexit2.o(.ARM.Collect$$rtexit$$00000004)
    .text                                    0x0800017c   Section       56  startup_stm32u083xx.o(.text)
    .text                                    0x080001b4   Section        0  lludiv.o(.text)
    .text                                    0x080002c4   Section        0  __2snprintf.o(.text)
    .text                                    0x08000300   Section        0  __printf.o(.text)
    .text                                    0x0800036c   Section        0  _printf_str.o(.text)
    .text                                    0x080003c0   Section        0  _printf_dec.o(.text)
    .text                                    0x0800042c   Section        0  memcmp.o(.text)
    .text                                    0x08000486   Section        0  rt_memclr.o(.text)
    .text                                    0x080004c6   Section        0  heapauxi.o(.text)
    .text                                    0x080004cc   Section        0  _printf_intcommon.o(.text)
    _printf_input_char                       0x0800057d   Thumb Code    10  _printf_char_common.o(.text)
    .text                                    0x0800057c   Section        0  _printf_char_common.o(.text)
    .text                                    0x080005ac   Section        0  _sputc.o(.text)
    .text                                    0x080005b6   Section        0  _snputc.o(.text)
    .text                                    0x080005c6   Section        0  _printf_char.o(.text)
    .text                                    0x080005f4   Section        0  rtudiv10.o(.text)
    .text                                    0x0800061c   Section       62  sys_stackheap_outer.o(.text)
    .text                                    0x0800065a   Section        0  exit.o(.text)
    .text                                    0x0800066c   Section        8  libspace.o(.text)
    .text                                    0x08000674   Section        0  sys_exit.o(.text)
    .text                                    0x08000680   Section        2  use_no_semi.o(.text)
    [Anonymous Symbol]                       0x08000682   Section        0  main.o(.text.Error_Handler)
    .text                                    0x08000682   Section        0  indicate_semi.o(.text)
    [Anonymous Symbol]                       0x08000688   Section        0  stm32u0xx_hal_dma.o(.text.HAL_DMA_Abort)
    [Anonymous Symbol]                       0x080006f4   Section        0  stm32u0xx_hal_dma.o(.text.HAL_DMA_Abort_IT)
    __arm_cp.5_0                             0x08000760   Number         4  stm32u0xx_hal_dma.o(.text.HAL_DMA_Abort_IT)
    [Anonymous Symbol]                       0x08000764   Section        0  stm32u0xx_hal_dma.o(.text.HAL_DMA_GetError)
    [Anonymous Symbol]                       0x08000768   Section        0  stm32u0xx_hal.o(.text.HAL_Delay)
    [Anonymous Symbol]                       0x08000788   Section        0  stm32u0xx_hal_gpio.o(.text.HAL_GPIO_Init)
    __arm_cp.0_0                             0x08000930   Number         4  stm32u0xx_hal_gpio.o(.text.HAL_GPIO_Init)
    __arm_cp.0_1                             0x08000934   Number         4  stm32u0xx_hal_gpio.o(.text.HAL_GPIO_Init)
    __arm_cp.0_2                             0x08000938   Number         4  stm32u0xx_hal_gpio.o(.text.HAL_GPIO_Init)
    [Anonymous Symbol]                       0x0800093c   Section        0  stm32u0xx_hal.o(.text.HAL_GetTick)
    [Anonymous Symbol]                       0x08000944   Section        0  stm32u0xx_hal.o(.text.HAL_IncTick)
    __arm_cp.5_1                             0x08000954   Number         4  stm32u0xx_hal.o(.text.HAL_IncTick)
    [Anonymous Symbol]                       0x08000958   Section        0  stm32u0xx_hal.o(.text.HAL_Init)
    [Anonymous Symbol]                       0x08000970   Section        0  stm32u0xx_hal.o(.text.HAL_InitTick)
    __arm_cp.1_0                             0x080009b0   Number         4  stm32u0xx_hal.o(.text.HAL_InitTick)
    [Anonymous Symbol]                       0x080009b4   Section        0  stm32u0xx_hal_msp.o(.text.HAL_MspInit)
    __arm_cp.0_0                             0x080009dc   Number         4  stm32u0xx_hal_msp.o(.text.HAL_MspInit)
    [Anonymous Symbol]                       0x080009e0   Section        0  stm32u0xx_hal_cortex.o(.text.HAL_NVIC_EnableIRQ)
    __arm_cp.1_0                             0x080009f4   Number         4  stm32u0xx_hal_cortex.o(.text.HAL_NVIC_EnableIRQ)
    [Anonymous Symbol]                       0x080009f8   Section        0  stm32u0xx_hal_cortex.o(.text.HAL_NVIC_SetPriority)
    __arm_cp.0_0                             0x08000a30   Number         4  stm32u0xx_hal_cortex.o(.text.HAL_NVIC_SetPriority)
    __arm_cp.0_1                             0x08000a34   Number         4  stm32u0xx_hal_cortex.o(.text.HAL_NVIC_SetPriority)
    [Anonymous Symbol]                       0x08000a38   Section        0  stm32u0xx_hal_pwr_ex.o(.text.HAL_PWREx_ControlVoltageScaling)
    __arm_cp.0_1                             0x08000a98   Number         4  stm32u0xx_hal_pwr_ex.o(.text.HAL_PWREx_ControlVoltageScaling)
    __arm_cp.0_2                             0x08000a9c   Number         4  stm32u0xx_hal_pwr_ex.o(.text.HAL_PWREx_ControlVoltageScaling)
    [Anonymous Symbol]                       0x08000aa0   Section        0  stm32u0xx_hal_pwr_ex.o(.text.HAL_PWREx_GetVoltageRange)
    __arm_cp.1_0                             0x08000aac   Number         4  stm32u0xx_hal_pwr_ex.o(.text.HAL_PWREx_GetVoltageRange)
    [Anonymous Symbol]                       0x08000ab0   Section        0  stm32u0xx_hal_rcc_ex.o(.text.HAL_RCCEx_GetPLLClockFreq)
    __arm_cp.3_0                             0x08000b64   Number         4  stm32u0xx_hal_rcc_ex.o(.text.HAL_RCCEx_GetPLLClockFreq)
    __arm_cp.3_1                             0x08000b68   Number         4  stm32u0xx_hal_rcc_ex.o(.text.HAL_RCCEx_GetPLLClockFreq)
    __arm_cp.3_2                             0x08000b6c   Number         4  stm32u0xx_hal_rcc_ex.o(.text.HAL_RCCEx_GetPLLClockFreq)
    __arm_cp.3_3                             0x08000b70   Number         4  stm32u0xx_hal_rcc_ex.o(.text.HAL_RCCEx_GetPLLClockFreq)
    __arm_cp.3_4                             0x08000b74   Number         4  stm32u0xx_hal_rcc_ex.o(.text.HAL_RCCEx_GetPLLClockFreq)
    [Anonymous Symbol]                       0x08000b78   Section        0  stm32u0xx_hal_rcc_ex.o(.text.HAL_RCCEx_GetPeriphCLKFreq)
    __arm_cp.2_22                            0x08000f04   Number         4  stm32u0xx_hal_rcc_ex.o(.text.HAL_RCCEx_GetPeriphCLKFreq)
    __arm_cp.2_1                             0x08000fd4   Number         4  stm32u0xx_hal_rcc_ex.o(.text.HAL_RCCEx_GetPeriphCLKFreq)
    __arm_cp.2_2                             0x08000fd8   Number         4  stm32u0xx_hal_rcc_ex.o(.text.HAL_RCCEx_GetPeriphCLKFreq)
    __arm_cp.2_3                             0x08000fdc   Number         4  stm32u0xx_hal_rcc_ex.o(.text.HAL_RCCEx_GetPeriphCLKFreq)
    __arm_cp.2_4                             0x08000fe0   Number         4  stm32u0xx_hal_rcc_ex.o(.text.HAL_RCCEx_GetPeriphCLKFreq)
    __arm_cp.2_5                             0x08000fe4   Number         4  stm32u0xx_hal_rcc_ex.o(.text.HAL_RCCEx_GetPeriphCLKFreq)
    __arm_cp.2_6                             0x08000fe8   Number         4  stm32u0xx_hal_rcc_ex.o(.text.HAL_RCCEx_GetPeriphCLKFreq)
    __arm_cp.2_7                             0x08000fec   Number         4  stm32u0xx_hal_rcc_ex.o(.text.HAL_RCCEx_GetPeriphCLKFreq)
    __arm_cp.2_8                             0x08000ff0   Number         4  stm32u0xx_hal_rcc_ex.o(.text.HAL_RCCEx_GetPeriphCLKFreq)
    __arm_cp.2_9                             0x08000ff4   Number         4  stm32u0xx_hal_rcc_ex.o(.text.HAL_RCCEx_GetPeriphCLKFreq)
    [Anonymous Symbol]                       0x08000ff8   Section        0  stm32u0xx_hal_rcc_ex.o(.text.HAL_RCCEx_PeriphCLKConfig)
    __arm_cp.0_0                             0x08001274   Number         4  stm32u0xx_hal_rcc_ex.o(.text.HAL_RCCEx_PeriphCLKConfig)
    __arm_cp.0_1                             0x08001278   Number         4  stm32u0xx_hal_rcc_ex.o(.text.HAL_RCCEx_PeriphCLKConfig)
    __arm_cp.0_3                             0x0800127c   Number         4  stm32u0xx_hal_rcc_ex.o(.text.HAL_RCCEx_PeriphCLKConfig)
    __arm_cp.0_5                             0x08001280   Number         4  stm32u0xx_hal_rcc_ex.o(.text.HAL_RCCEx_PeriphCLKConfig)
    __arm_cp.0_6                             0x08001284   Number         4  stm32u0xx_hal_rcc_ex.o(.text.HAL_RCCEx_PeriphCLKConfig)
    [Anonymous Symbol]                       0x08001288   Section        0  stm32u0xx_hal_rcc.o(.text.HAL_RCC_ClockConfig)
    __arm_cp.3_0                             0x080013bc   Number         4  stm32u0xx_hal_rcc.o(.text.HAL_RCC_ClockConfig)
    __arm_cp.3_2                             0x080013c0   Number         4  stm32u0xx_hal_rcc.o(.text.HAL_RCC_ClockConfig)
    __arm_cp.3_3                             0x080013c4   Number         4  stm32u0xx_hal_rcc.o(.text.HAL_RCC_ClockConfig)
    __arm_cp.3_4                             0x080013c8   Number         4  stm32u0xx_hal_rcc.o(.text.HAL_RCC_ClockConfig)
    [Anonymous Symbol]                       0x080013cc   Section        0  stm32u0xx_hal_rcc.o(.text.HAL_RCC_GetPCLK1Freq)
    __arm_cp.6_0                             0x080013e4   Number         4  stm32u0xx_hal_rcc.o(.text.HAL_RCC_GetPCLK1Freq)
    __arm_cp.6_1                             0x080013e8   Number         4  stm32u0xx_hal_rcc.o(.text.HAL_RCC_GetPCLK1Freq)
    __arm_cp.6_2                             0x080013ec   Number         4  stm32u0xx_hal_rcc.o(.text.HAL_RCC_GetPCLK1Freq)
    [Anonymous Symbol]                       0x080013f0   Section        0  stm32u0xx_hal_rcc.o(.text.HAL_RCC_GetSysClockFreq)
    __arm_cp.2_0                             0x0800149c   Number         4  stm32u0xx_hal_rcc.o(.text.HAL_RCC_GetSysClockFreq)
    __arm_cp.2_2                             0x080014b4   Number         4  stm32u0xx_hal_rcc.o(.text.HAL_RCC_GetSysClockFreq)
    __arm_cp.2_3                             0x080014b8   Number         4  stm32u0xx_hal_rcc.o(.text.HAL_RCC_GetSysClockFreq)
    __arm_cp.2_4                             0x080014bc   Number         4  stm32u0xx_hal_rcc.o(.text.HAL_RCC_GetSysClockFreq)
    __arm_cp.2_5                             0x080014c0   Number         4  stm32u0xx_hal_rcc.o(.text.HAL_RCC_GetSysClockFreq)
    [Anonymous Symbol]                       0x080014c4   Section        0  stm32u0xx_hal_rcc.o(.text.HAL_RCC_OscConfig)
    __arm_cp.1_10                            0x0800191c   Number         4  stm32u0xx_hal_rcc.o(.text.HAL_RCC_OscConfig)
    __arm_cp.1_11                            0x08001920   Number         4  stm32u0xx_hal_rcc.o(.text.HAL_RCC_OscConfig)
    __arm_cp.1_0                             0x08001bb0   Number         4  stm32u0xx_hal_rcc.o(.text.HAL_RCC_OscConfig)
    __arm_cp.1_2                             0x08001bb4   Number         4  stm32u0xx_hal_rcc.o(.text.HAL_RCC_OscConfig)
    __arm_cp.1_3                             0x08001bb8   Number         4  stm32u0xx_hal_rcc.o(.text.HAL_RCC_OscConfig)
    __arm_cp.1_4                             0x08001bbc   Number         4  stm32u0xx_hal_rcc.o(.text.HAL_RCC_OscConfig)
    __arm_cp.1_5                             0x08001bc0   Number         4  stm32u0xx_hal_rcc.o(.text.HAL_RCC_OscConfig)
    __arm_cp.1_7                             0x08001bc4   Number         4  stm32u0xx_hal_rcc.o(.text.HAL_RCC_OscConfig)
    __arm_cp.1_8                             0x08001bc8   Number         4  stm32u0xx_hal_rcc.o(.text.HAL_RCC_OscConfig)
    [Anonymous Symbol]                       0x08001bcc   Section        0  stm32u0xx_hal_cortex.o(.text.HAL_SYSTICK_Config)
    __arm_cp.4_0                             0x08001bf4   Number         4  stm32u0xx_hal_cortex.o(.text.HAL_SYSTICK_Config)
    __arm_cp.4_1                             0x08001bf8   Number         4  stm32u0xx_hal_cortex.o(.text.HAL_SYSTICK_Config)
    __arm_cp.4_2                             0x08001bfc   Number         4  stm32u0xx_hal_cortex.o(.text.HAL_SYSTICK_Config)
    [Anonymous Symbol]                       0x08001c00   Section        0  stm32u0xx_hal_uart_ex.o(.text.HAL_UARTEx_DisableFifoMode)
    [Anonymous Symbol]                       0x08001c36   Section        0  stm32u0xx_hal_uart.o(.text.HAL_UARTEx_RxEventCallback)
    [Anonymous Symbol]                       0x08001c38   Section        0  stm32u0xx_hal_uart_ex.o(.text.HAL_UARTEx_RxFifoFullCallback)
    [Anonymous Symbol]                       0x08001c3c   Section        0  stm32u0xx_hal_uart_ex.o(.text.HAL_UARTEx_SetRxFifoThreshold)
    [Anonymous Symbol]                       0x08001cb4   Section        0  stm32u0xx_hal_uart_ex.o(.text.HAL_UARTEx_SetTxFifoThreshold)
    __arm_cp.10_0                            0x08001d2c   Number         4  stm32u0xx_hal_uart_ex.o(.text.HAL_UARTEx_SetTxFifoThreshold)
    __arm_cp.10_1                            0x08001d30   Number         4  stm32u0xx_hal_uart_ex.o(.text.HAL_UARTEx_SetTxFifoThreshold)
    [Anonymous Symbol]                       0x08001d34   Section        0  stm32u0xx_hal_uart_ex.o(.text.HAL_UARTEx_TxFifoEmptyCallback)
    [Anonymous Symbol]                       0x08001d36   Section        0  stm32u0xx_hal_uart_ex.o(.text.HAL_UARTEx_WakeupCallback)
    [Anonymous Symbol]                       0x08001d38   Section        0  stm32u0xx_hal_uart.o(.text.HAL_UART_AbortReceive)
    __arm_cp.31_0                            0x08001dec   Number         4  stm32u0xx_hal_uart.o(.text.HAL_UART_AbortReceive)
    [Anonymous Symbol]                       0x08001df0   Section        0  stm32u0xx_hal_uart.o(.text.HAL_UART_ErrorCallback)
    [Anonymous Symbol]                       0x08001df4   Section        0  stm32u0xx_hal_uart.o(.text.HAL_UART_IRQHandler)
    __arm_cp.42_0                            0x080021b4   Number         4  stm32u0xx_hal_uart.o(.text.HAL_UART_IRQHandler)
    __arm_cp.42_1                            0x080021b8   Number         4  stm32u0xx_hal_uart.o(.text.HAL_UART_IRQHandler)
    __arm_cp.42_2                            0x080021bc   Number         4  stm32u0xx_hal_uart.o(.text.HAL_UART_IRQHandler)
    __arm_cp.42_3                            0x080021c0   Number         4  stm32u0xx_hal_uart.o(.text.HAL_UART_IRQHandler)
    [Anonymous Symbol]                       0x080021c4   Section        0  stm32u0xx_hal_uart.o(.text.HAL_UART_Init)
    [Anonymous Symbol]                       0x08002230   Section        0  stm32u0xx_hal_msp.o(.text.HAL_UART_MspInit)
    __arm_cp.1_1                             0x080022fc   Number         4  stm32u0xx_hal_msp.o(.text.HAL_UART_MspInit)
    __arm_cp.1_2                             0x08002300   Number         4  stm32u0xx_hal_msp.o(.text.HAL_UART_MspInit)
    [Anonymous Symbol]                       0x08002304   Section        0  stm32u0xx_hal_uart.o(.text.HAL_UART_Receive_IT)
    __arm_cp.18_0                            0x0800237c   Number         4  stm32u0xx_hal_uart.o(.text.HAL_UART_Receive_IT)
    __arm_cp.18_1                            0x08002380   Number         4  stm32u0xx_hal_uart.o(.text.HAL_UART_Receive_IT)
    __arm_cp.18_2                            0x08002384   Number         4  stm32u0xx_hal_uart.o(.text.HAL_UART_Receive_IT)
    [Anonymous Symbol]                       0x08002388   Section        0  main.o(.text.HAL_UART_RxCpltCallback)
    __arm_cp.1_0                             0x080023ec   Number         4  main.o(.text.HAL_UART_RxCpltCallback)
    __arm_cp.1_1                             0x080023f0   Number         4  main.o(.text.HAL_UART_RxCpltCallback)
    __arm_cp.1_3                             0x080023fc   Number         4  main.o(.text.HAL_UART_RxCpltCallback)
    [Anonymous Symbol]                       0x08002400   Section        0  stm32u0xx_hal_uart.o(.text.HAL_UART_Transmit)
    __arm_cp.10_0                            0x0800258c   Number         4  stm32u0xx_hal_uart.o(.text.HAL_UART_Transmit)
    [Anonymous Symbol]                       0x08002590   Section        0  stm32u0xx_hal_uart.o(.text.HAL_UART_TxCpltCallback)
    [Anonymous Symbol]                       0x08002592   Section        0  stm32u0xx_it.o(.text.HardFault_Handler)
    [Anonymous Symbol]                       0x08002594   Section        0  stm32u0xx_it.o(.text.NMI_Handler)
    [Anonymous Symbol]                       0x08002596   Section        0  stm32u0xx_it.o(.text.PendSV_Handler)
    [Anonymous Symbol]                       0x08002598   Section        0  stm32u0xx_it.o(.text.SVC_Handler)
    [Anonymous Symbol]                       0x0800259a   Section        0  stm32u0xx_it.o(.text.SysTick_Handler)
    [Anonymous Symbol]                       0x080025a4   Section        0  system_stm32u0xx.o(.text.SystemInit)
    __arm_cp.0_0                             0x080025d0   Number         4  system_stm32u0xx.o(.text.SystemInit)
    __arm_cp.0_1                             0x080025d4   Number         4  system_stm32u0xx.o(.text.SystemInit)
    __arm_cp.0_2                             0x080025d8   Number         4  system_stm32u0xx.o(.text.SystemInit)
    [Anonymous Symbol]                       0x080025dc   Section        0  stm32u0xx_hal_uart.o(.text.UART_AdvFeatureConfig)
    [Anonymous Symbol]                       0x080026b0   Section        0  stm32u0xx_hal_uart.o(.text.UART_CheckIdleState)
    __arm_cp.4_0                             0x08002774   Number         4  stm32u0xx_hal_uart.o(.text.UART_CheckIdleState)
    UART_DMAAbortOnError                     0x08002779   Thumb Code    16  stm32u0xx_hal_uart.o(.text.UART_DMAAbortOnError)
    [Anonymous Symbol]                       0x08002778   Section        0  stm32u0xx_hal_uart.o(.text.UART_DMAAbortOnError)
    UART_RxISR_16BIT                         0x08002789   Thumb Code   224  stm32u0xx_hal_uart.o(.text.UART_RxISR_16BIT)
    [Anonymous Symbol]                       0x08002788   Section        0  stm32u0xx_hal_uart.o(.text.UART_RxISR_16BIT)
    UART_RxISR_16BIT_FIFOEN                  0x08002869   Thumb Code   436  stm32u0xx_hal_uart.o(.text.UART_RxISR_16BIT_FIFOEN)
    [Anonymous Symbol]                       0x08002868   Section        0  stm32u0xx_hal_uart.o(.text.UART_RxISR_16BIT_FIFOEN)
    __arm_cp.61_4                            0x08002a1c   Number         4  stm32u0xx_hal_uart.o(.text.UART_RxISR_16BIT_FIFOEN)
    UART_RxISR_8BIT                          0x08002a21   Thumb Code   228  stm32u0xx_hal_uart.o(.text.UART_RxISR_8BIT)
    [Anonymous Symbol]                       0x08002a20   Section        0  stm32u0xx_hal_uart.o(.text.UART_RxISR_8BIT)
    __arm_cp.64_0                            0x08002b04   Number         4  stm32u0xx_hal_uart.o(.text.UART_RxISR_8BIT)
    __arm_cp.64_1                            0x08002b08   Number         4  stm32u0xx_hal_uart.o(.text.UART_RxISR_8BIT)
    __arm_cp.64_2                            0x08002b0c   Number         4  stm32u0xx_hal_uart.o(.text.UART_RxISR_8BIT)
    UART_RxISR_8BIT_FIFOEN                   0x08002b11   Thumb Code   440  stm32u0xx_hal_uart.o(.text.UART_RxISR_8BIT_FIFOEN)
    [Anonymous Symbol]                       0x08002b10   Section        0  stm32u0xx_hal_uart.o(.text.UART_RxISR_8BIT_FIFOEN)
    __arm_cp.62_0                            0x08002cc8   Number         4  stm32u0xx_hal_uart.o(.text.UART_RxISR_8BIT_FIFOEN)
    __arm_cp.62_1                            0x08002ccc   Number         4  stm32u0xx_hal_uart.o(.text.UART_RxISR_8BIT_FIFOEN)
    __arm_cp.62_2                            0x08002cd0   Number         4  stm32u0xx_hal_uart.o(.text.UART_RxISR_8BIT_FIFOEN)
    __arm_cp.62_3                            0x08002cd4   Number         4  stm32u0xx_hal_uart.o(.text.UART_RxISR_8BIT_FIFOEN)
    [Anonymous Symbol]                       0x08002cd8   Section        0  stm32u0xx_hal_uart.o(.text.UART_SetConfig)
    __arm_cp.3_0                             0x08002ec0   Number         4  stm32u0xx_hal_uart.o(.text.UART_SetConfig)
    __arm_cp.3_1                             0x08002ec4   Number         4  stm32u0xx_hal_uart.o(.text.UART_SetConfig)
    __arm_cp.3_2                             0x08002ec8   Number         4  stm32u0xx_hal_uart.o(.text.UART_SetConfig)
    __arm_cp.3_3                             0x08002ecc   Number         4  stm32u0xx_hal_uart.o(.text.UART_SetConfig)
    __arm_cp.3_4                             0x08002ed0   Number         4  stm32u0xx_hal_uart.o(.text.UART_SetConfig)
    __arm_cp.3_5                             0x08002ed4   Number         4  stm32u0xx_hal_uart.o(.text.UART_SetConfig)
    __arm_cp.3_6                             0x08002ed8   Number         4  stm32u0xx_hal_uart.o(.text.UART_SetConfig)
    __arm_cp.3_7                             0x08002edc   Number         4  stm32u0xx_hal_uart.o(.text.UART_SetConfig)
    __arm_cp.3_8                             0x08002ee0   Number         4  stm32u0xx_hal_uart.o(.text.UART_SetConfig)
    __arm_cp.3_9                             0x08002ee4   Number         4  stm32u0xx_hal_uart.o(.text.UART_SetConfig)
    __arm_cp.3_10                            0x08002ee8   Number         4  stm32u0xx_hal_uart.o(.text.UART_SetConfig)
    __arm_cp.3_11                            0x08002eec   Number         4  stm32u0xx_hal_uart.o(.text.UART_SetConfig)
    __arm_cp.3_12                            0x08002ef0   Number         4  stm32u0xx_hal_uart.o(.text.UART_SetConfig)
    __arm_cp.3_13                            0x08002ef4   Number         4  stm32u0xx_hal_uart.o(.text.UART_SetConfig)
    __arm_cp.3_14                            0x08002ef8   Number         4  stm32u0xx_hal_uart.o(.text.UART_SetConfig)
    __arm_cp.3_15                            0x08002efc   Number         4  stm32u0xx_hal_uart.o(.text.UART_SetConfig)
    [Anonymous Symbol]                       0x08002f00   Section        0  stm32u0xx_hal_uart.o(.text.UART_Start_Receive_IT)
    __arm_cp.19_0                            0x08003020   Number         4  stm32u0xx_hal_uart.o(.text.UART_Start_Receive_IT)
    __arm_cp.19_1                            0x08003024   Number         4  stm32u0xx_hal_uart.o(.text.UART_Start_Receive_IT)
    __arm_cp.19_2                            0x08003028   Number         4  stm32u0xx_hal_uart.o(.text.UART_Start_Receive_IT)
    __arm_cp.19_3                            0x0800302c   Number         4  stm32u0xx_hal_uart.o(.text.UART_Start_Receive_IT)
    __arm_cp.19_4                            0x08003030   Number         4  stm32u0xx_hal_uart.o(.text.UART_Start_Receive_IT)
    [Anonymous Symbol]                       0x08003034   Section        0  stm32u0xx_hal_uart.o(.text.UART_WaitOnFlagUntilTimeout)
    __arm_cp.11_0                            0x080031b4   Number         4  stm32u0xx_hal_uart.o(.text.UART_WaitOnFlagUntilTimeout)
    [Anonymous Symbol]                       0x080031b8   Section        0  stm32u0xx_it.o(.text.USART2_LPUART2_IRQHandler)
    [Anonymous Symbol]                       0x080031c4   Section        0  stm32u0xx_it.o(.text.USART4_LPUART3_IRQHandler)
    [Anonymous Symbol]                       0x080031d0   Section        0  main.o(.text.main)
    __arm_cp.2_0                             0x0800346c   Number         4  main.o(.text.main)
    __arm_cp.2_1                             0x08003470   Number         4  main.o(.text.main)
    __arm_cp.2_2                             0x08003474   Number         4  main.o(.text.main)
    __arm_cp.2_3                             0x08003478   Number         4  main.o(.text.main)
    __arm_cp.2_4                             0x0800347c   Number         4  main.o(.text.main)
    __arm_cp.2_5                             0x08003480   Number         4  main.o(.text.main)
    __arm_cp.2_7                             0x0800349c   Number         4  main.o(.text.main)
    __arm_cp.2_8                             0x080034a0   Number         4  main.o(.text.main)
    .text_divfast                            0x080034e0   Section      502  aeabi_sdivfast.o(.text_divfast)
    UARTEx_SetNbDataToProcess.numerator      0x08003738   Data           8  stm32u0xx_hal_uart_ex.o(.rodata.cst8)
    [Anonymous Symbol]                       0x08003738   Section        0  stm32u0xx_hal_uart_ex.o(.rodata.cst8)
    UARTEx_SetNbDataToProcess.denominator    0x08003740   Data           8  stm32u0xx_hal_uart_ex.o(.rodata.cst8)
    [Anonymous Symbol]                       0x08003748   Section        0  main.o(.rodata.str1.1)
    [Anonymous Symbol]                       0x20000000   Section        0  stm32u0xx_hal.o(.data..L_MergedGlobals)
    .bss                                     0x20000010   Section       96  libspace.o(.bss)
    [Anonymous Symbol]                       0x20000070   Section        0  main.o(.bss..L_MergedGlobals)
    Heap_Mem                                 0x200001c0   Data         512  startup_stm32u083xx.o(HEAP)
    HEAP                                     0x200001c0   Section      512  startup_stm32u083xx.o(HEAP)
    Stack_Mem                                0x200003c0   Data        1024  startup_stm32u083xx.o(STACK)
    STACK                                    0x200003c0   Section     1024  startup_stm32u083xx.o(STACK)
    __initial_sp                             0x200007c0   Data           0  startup_stm32u083xx.o(STACK)

    Global Symbols

    Symbol Name                              Value     Ov Type        Size  Object(Section)

    BuildAttributes$$THM_ISAv3M$S$PE$A:L22$X:L11$S22$IEEE1$IW$~IW$USESV6$~STKCKD$USESV7$~SHL$OTIME$ROPI$EBA8$UX$STANDARDLIB$REQ8$PRES8$EABIv2 0x00000000   Number         0  anon$$obj.o ABSOLUTE
    _printf_flags                            0x00000000   Number         0  printf_stubs.o ABSOLUTE
    _printf_return_value                     0x00000000   Number         0  printf_stubs.o ABSOLUTE
    _printf_sizespec                         0x00000000   Number         0  printf_stubs.o ABSOLUTE
    _printf_widthprec                        0x00000000   Number         0  printf_stubs.o ABSOLUTE
    __ARM_exceptions_init                     - Undefined Weak Reference
    __alloca_initialize                       - Undefined Weak Reference
    __arm_preinit_                            - Undefined Weak Reference
    __cpp_initialize__aeabi_                  - Undefined Weak Reference
    __cxa_finalize                            - Undefined Weak Reference
    __rt_locale                               - Undefined Weak Reference
    __sigvec_lookup                           - Undefined Weak Reference
    _atexit_init                              - Undefined Weak Reference
    _call_atexit_fns                          - Undefined Weak Reference
    _clock_init                               - Undefined Weak Reference
    _fp_trap_init                             - Undefined Weak Reference
    _fp_trap_shutdown                         - Undefined Weak Reference
    _get_lc_collate                           - Undefined Weak Reference
    _get_lc_ctype                             - Undefined Weak Reference
    _get_lc_monetary                          - Undefined Weak Reference
    _get_lc_numeric                           - Undefined Weak Reference
    _get_lc_time                              - Undefined Weak Reference
    _getenv_init                              - Undefined Weak Reference
    _handle_redirection                       - Undefined Weak Reference
    _init_alloc                               - Undefined Weak Reference
    _init_user_alloc                          - Undefined Weak Reference
    _initio                                   - Undefined Weak Reference
    _printf_mbtowc                            - Undefined Weak Reference
    _printf_post_padding                      - Undefined Weak Reference
    _printf_pre_padding                       - Undefined Weak Reference
    _printf_truncate_signed                   - Undefined Weak Reference
    _printf_truncate_unsigned                 - Undefined Weak Reference
    _rand_init                                - Undefined Weak Reference
    _signal_finish                            - Undefined Weak Reference
    _signal_init                              - Undefined Weak Reference
    _terminate_alloc                          - Undefined Weak Reference
    _terminate_user_alloc                     - Undefined Weak Reference
    _terminateio                              - Undefined Weak Reference
    __Vectors_Size                           0x000000c0   Number         0  startup_stm32u083xx.o ABSOLUTE
    __Vectors                                0x08000000   Data           4  startup_stm32u083xx.o(RESET)
    __Vectors_End                            0x080000c0   Data           0  startup_stm32u083xx.o(RESET)
    __main                                   0x080000c1   Thumb Code     8  __main.o(!!!main)
    __scatterload                            0x080000c9   Thumb Code     0  __scatter.o(!!!scatter)
    __scatterload_rt2                        0x080000c9   Thumb Code    52  __scatter.o(!!!scatter)
    __scatterload_rt2_thumb_only             0x080000c9   Thumb Code     0  __scatter.o(!!!scatter)
    __scatterload_null                       0x080000d9   Thumb Code     0  __scatter.o(!!!scatter)
    __scatterload_copy                       0x08000105   Thumb Code    26  __scatter_copy.o(!!handler_copy)
    __scatterload_zeroinit                   0x08000121   Thumb Code    28  __scatter_zi.o(!!handler_zi)
    _printf_percent                          0x0800013d   Thumb Code     0  _printf_percent.o(.ARM.Collect$$_printf_percent$$00000000)
    _printf_d                                0x0800013f   Thumb Code     0  _printf_d.o(.ARM.Collect$$_printf_percent$$00000009)
    _printf_s                                0x08000149   Thumb Code     0  _printf_s.o(.ARM.Collect$$_printf_percent$$00000014)
    _printf_percent_end                      0x08000153   Thumb Code     0  _printf_percent_end.o(.ARM.Collect$$_printf_percent$$00000017)
    __rt_lib_init                            0x08000157   Thumb Code     0  libinit.o(.ARM.Collect$$libinit$$00000000)
    __rt_lib_init_alloca_1                   0x08000159   Thumb Code     0  libinit2.o(.ARM.Collect$$libinit$$0000002E)
    __rt_lib_init_argv_1                     0x08000159   Thumb Code     0  libinit2.o(.ARM.Collect$$libinit$$0000002C)
    __rt_lib_init_atexit_1                   0x08000159   Thumb Code     0  libinit2.o(.ARM.Collect$$libinit$$0000001B)
    __rt_lib_init_clock_1                    0x08000159   Thumb Code     0  libinit2.o(.ARM.Collect$$libinit$$00000021)
    __rt_lib_init_cpp_1                      0x08000159   Thumb Code     0  libinit2.o(.ARM.Collect$$libinit$$00000032)
    __rt_lib_init_exceptions_1               0x08000159   Thumb Code     0  libinit2.o(.ARM.Collect$$libinit$$00000030)
    __rt_lib_init_fp_1                       0x08000159   Thumb Code     0  libinit2.o(.ARM.Collect$$libinit$$00000002)
    __rt_lib_init_fp_trap_1                  0x08000159   Thumb Code     0  libinit2.o(.ARM.Collect$$libinit$$0000001F)
    __rt_lib_init_getenv_1                   0x08000159   Thumb Code     0  libinit2.o(.ARM.Collect$$libinit$$00000023)
    __rt_lib_init_heap_1                     0x08000159   Thumb Code     0  libinit2.o(.ARM.Collect$$libinit$$0000000A)
    __rt_lib_init_lc_collate_1               0x08000159   Thumb Code     0  libinit2.o(.ARM.Collect$$libinit$$00000011)
    __rt_lib_init_lc_ctype_1                 0x08000159   Thumb Code     0  libinit2.o(.ARM.Collect$$libinit$$00000013)
    __rt_lib_init_lc_monetary_1              0x08000159   Thumb Code     0  libinit2.o(.ARM.Collect$$libinit$$00000015)
    __rt_lib_init_lc_numeric_1               0x08000159   Thumb Code     0  libinit2.o(.ARM.Collect$$libinit$$00000017)
    __rt_lib_init_lc_time_1                  0x08000159   Thumb Code     0  libinit2.o(.ARM.Collect$$libinit$$00000019)
    __rt_lib_init_preinit_1                  0x08000159   Thumb Code     0  libinit2.o(.ARM.Collect$$libinit$$00000004)
    __rt_lib_init_rand_1                     0x08000159   Thumb Code     0  libinit2.o(.ARM.Collect$$libinit$$0000000E)
    __rt_lib_init_return                     0x08000159   Thumb Code     0  libinit2.o(.ARM.Collect$$libinit$$00000033)
    __rt_lib_init_signal_1                   0x08000159   Thumb Code     0  libinit2.o(.ARM.Collect$$libinit$$0000001D)
    __rt_lib_init_stdio_1                    0x08000159   Thumb Code     0  libinit2.o(.ARM.Collect$$libinit$$00000025)
    __rt_lib_init_user_alloc_1               0x08000159   Thumb Code     0  libinit2.o(.ARM.Collect$$libinit$$0000000C)
    __rt_lib_shutdown                        0x0800015b   Thumb Code     0  libshutdown.o(.ARM.Collect$$libshutdown$$00000000)
    __rt_lib_shutdown_cpp_1                  0x0800015d   Thumb Code     0  libshutdown2.o(.ARM.Collect$$libshutdown$$00000002)
    __rt_lib_shutdown_fp_trap_1              0x0800015d   Thumb Code     0  libshutdown2.o(.ARM.Collect$$libshutdown$$00000007)
    __rt_lib_shutdown_heap_1                 0x0800015d   Thumb Code     0  libshutdown2.o(.ARM.Collect$$libshutdown$$0000000F)
    __rt_lib_shutdown_return                 0x0800015d   Thumb Code     0  libshutdown2.o(.ARM.Collect$$libshutdown$$00000010)
    __rt_lib_shutdown_signal_1               0x0800015d   Thumb Code     0  libshutdown2.o(.ARM.Collect$$libshutdown$$0000000A)
    __rt_lib_shutdown_stdio_1                0x0800015d   Thumb Code     0  libshutdown2.o(.ARM.Collect$$libshutdown$$00000004)
    __rt_lib_shutdown_user_alloc_1           0x0800015d   Thumb Code     0  libshutdown2.o(.ARM.Collect$$libshutdown$$0000000C)
    __rt_entry                               0x0800015f   Thumb Code     0  __rtentry.o(.ARM.Collect$$rtentry$$00000000)
    __rt_entry_presh_1                       0x0800015f   Thumb Code     0  __rtentry2.o(.ARM.Collect$$rtentry$$00000002)
    __rt_entry_sh                            0x0800015f   Thumb Code     0  __rtentry4.o(.ARM.Collect$$rtentry$$00000004)
    __rt_entry_li                            0x08000165   Thumb Code     0  __rtentry2.o(.ARM.Collect$$rtentry$$0000000A)
    __rt_entry_postsh_1                      0x08000165   Thumb Code     0  __rtentry2.o(.ARM.Collect$$rtentry$$00000009)
    __rt_entry_main                          0x08000169   Thumb Code     0  __rtentry2.o(.ARM.Collect$$rtentry$$0000000D)
    __rt_entry_postli_1                      0x08000169   Thumb Code     0  __rtentry2.o(.ARM.Collect$$rtentry$$0000000C)
    __rt_exit                                0x08000171   Thumb Code     0  rtexit.o(.ARM.Collect$$rtexit$$00000000)
    __rt_exit_ls                             0x08000173   Thumb Code     0  rtexit2.o(.ARM.Collect$$rtexit$$00000003)
    __rt_exit_prels_1                        0x08000173   Thumb Code     0  rtexit2.o(.ARM.Collect$$rtexit$$00000002)
    __rt_exit_exit                           0x08000177   Thumb Code     0  rtexit2.o(.ARM.Collect$$rtexit$$00000004)
    Reset_Handler                            0x0800017d   Thumb Code     8  startup_stm32u083xx.o(.text)
    ADC_COMP1_2_IRQHandler                   0x0800018f   Thumb Code     0  startup_stm32u083xx.o(.text)
    DMA1_Ch4_7_DMA2_Ch1_5_DMAMUX_OVR_IRQHandler 0x0800018f   Thumb Code     0  startup_stm32u083xx.o(.text)
    DMA1_Channel1_IRQHandler                 0x0800018f   Thumb Code     0  startup_stm32u083xx.o(.text)
    DMA1_Channel2_3_IRQHandler               0x0800018f   Thumb Code     0  startup_stm32u083xx.o(.text)
    EXTI0_1_IRQHandler                       0x0800018f   Thumb Code     0  startup_stm32u083xx.o(.text)
    EXTI2_3_IRQHandler                       0x0800018f   Thumb Code     0  startup_stm32u083xx.o(.text)
    EXTI4_15_IRQHandler                      0x0800018f   Thumb Code     0  startup_stm32u083xx.o(.text)
    FLASH_ECC_IRQHandler                     0x0800018f   Thumb Code     0  startup_stm32u083xx.o(.text)
    I2C1_IRQHandler                          0x0800018f   Thumb Code     0  startup_stm32u083xx.o(.text)
    I2C2_3_4_IRQHandler                      0x0800018f   Thumb Code     0  startup_stm32u083xx.o(.text)
    LCD_IRQHandler                           0x0800018f   Thumb Code     0  startup_stm32u083xx.o(.text)
    PVD_PVM_IRQHandler                       0x0800018f   Thumb Code     0  startup_stm32u083xx.o(.text)
    RCC_CRS_IRQHandler                       0x0800018f   Thumb Code     0  startup_stm32u083xx.o(.text)
    RNG_CRYP_IRQHandler                      0x0800018f   Thumb Code     0  startup_stm32u083xx.o(.text)
    RTC_TAMP_IRQHandler                      0x0800018f   Thumb Code     0  startup_stm32u083xx.o(.text)
    SPI1_IRQHandler                          0x0800018f   Thumb Code     0  startup_stm32u083xx.o(.text)
    SPI2_3_IRQHandler                        0x0800018f   Thumb Code     0  startup_stm32u083xx.o(.text)
    TIM15_LPTIM3_IRQHandler                  0x0800018f   Thumb Code     0  startup_stm32u083xx.o(.text)
    TIM16_IRQHandler                         0x0800018f   Thumb Code     0  startup_stm32u083xx.o(.text)
    TIM1_BRK_UP_TRG_COM_IRQHandler           0x0800018f   Thumb Code     0  startup_stm32u083xx.o(.text)
    TIM1_CC_IRQHandler                       0x0800018f   Thumb Code     0  startup_stm32u083xx.o(.text)
    TIM2_IRQHandler                          0x0800018f   Thumb Code     0  startup_stm32u083xx.o(.text)
    TIM3_IRQHandler                          0x0800018f   Thumb Code     0  startup_stm32u083xx.o(.text)
    TIM6_DAC_LPTIM1_IRQHandler               0x0800018f   Thumb Code     0  startup_stm32u083xx.o(.text)
    TIM7_LPTIM2_IRQHandler                   0x0800018f   Thumb Code     0  startup_stm32u083xx.o(.text)
    TSC_IRQHandler                           0x0800018f   Thumb Code     0  startup_stm32u083xx.o(.text)
    USART1_IRQHandler                        0x0800018f   Thumb Code     0  startup_stm32u083xx.o(.text)
    USART3_LPUART1_IRQHandler                0x0800018f   Thumb Code     0  startup_stm32u083xx.o(.text)
    USB_DRD_FS_IRQHandler                    0x0800018f   Thumb Code     0  startup_stm32u083xx.o(.text)
    WWDG_IWDG_IRQHandler                     0x0800018f   Thumb Code     0  startup_stm32u083xx.o(.text)
    __user_initial_stackheap                 0x08000191   Thumb Code     0  startup_stm32u083xx.o(.text)
    __aeabi_uldivmod                         0x080001b5   Thumb Code   272  lludiv.o(.text)
    _ll_udiv                                 0x080001b5   Thumb Code     0  lludiv.o(.text)
    __2snprintf                              0x080002c5   Thumb Code    54  __2snprintf.o(.text)
    __printf                                 0x08000301   Thumb Code   108  __printf.o(.text)
    _printf_str                              0x0800036d   Thumb Code    82  _printf_str.o(.text)
    _printf_int_dec                          0x080003c1   Thumb Code    90  _printf_dec.o(.text)
    memcmp                                   0x0800042d   Thumb Code    90  memcmp.o(.text)
    _memset_w                                0x08000487   Thumb Code    26  rt_memclr.o(.text)
    _memset                                  0x080004a1   Thumb Code    30  rt_memclr.o(.text)
    __aeabi_memclr                           0x080004bf   Thumb Code     4  rt_memclr.o(.text)
    __rt_memclr                              0x080004bf   Thumb Code     0  rt_memclr.o(.text)
    __aeabi_memclr4                          0x080004c3   Thumb Code     0  rt_memclr.o(.text)
    __aeabi_memclr8                          0x080004c3   Thumb Code     0  rt_memclr.o(.text)
    __rt_memclr_w                            0x080004c3   Thumb Code     4  rt_memclr.o(.text)
    __use_two_region_memory                  0x080004c7   Thumb Code     2  heapauxi.o(.text)
    __rt_heap_escrow$2region                 0x080004c9   Thumb Code     2  heapauxi.o(.text)
    __rt_heap_expand$2region                 0x080004cb   Thumb Code     2  heapauxi.o(.text)
    _printf_int_common                       0x080004cd   Thumb Code   176  _printf_intcommon.o(.text)
    _printf_char_common                      0x08000587   Thumb Code    32  _printf_char_common.o(.text)
    _sputc                                   0x080005ad   Thumb Code    10  _sputc.o(.text)
    _snputc                                  0x080005b7   Thumb Code    16  _snputc.o(.text)
    _printf_cs_common                        0x080005c7   Thumb Code    22  _printf_char.o(.text)
    _printf_char                             0x080005dd   Thumb Code    16  _printf_char.o(.text)
    _printf_string                           0x080005ed   Thumb Code     8  _printf_char.o(.text)
    __rt_udiv10                              0x080005f5   Thumb Code    40  rtudiv10.o(.text)
    __user_setup_stackheap                   0x0800061d   Thumb Code    62  sys_stackheap_outer.o(.text)
    exit                                     0x0800065b   Thumb Code    16  exit.o(.text)
    __user_libspace                          0x0800066d   Thumb Code     8  libspace.o(.text)
    __user_perproc_libspace                  0x0800066d   Thumb Code     0  libspace.o(.text)
    __user_perthread_libspace                0x0800066d   Thumb Code     0  libspace.o(.text)
    _sys_exit                                0x08000675   Thumb Code     8  sys_exit.o(.text)
    __I$use$semihosting                      0x08000681   Thumb Code     0  use_no_semi.o(.text)
    __use_no_semihosting_swi                 0x08000681   Thumb Code     2  use_no_semi.o(.text)
    Error_Handler                            0x08000683   Thumb Code     4  main.o(.text.Error_Handler)
    __semihosting_library_function           0x08000683   Thumb Code     0  indicate_semi.o(.text)
    HAL_DMA_Abort                            0x08000689   Thumb Code   108  stm32u0xx_hal_dma.o(.text.HAL_DMA_Abort)
    HAL_DMA_Abort_IT                         0x080006f5   Thumb Code   108  stm32u0xx_hal_dma.o(.text.HAL_DMA_Abort_IT)
    HAL_DMA_GetError                         0x08000765   Thumb Code     4  stm32u0xx_hal_dma.o(.text.HAL_DMA_GetError)
    HAL_Delay                                0x08000769   Thumb Code    32  stm32u0xx_hal.o(.text.HAL_Delay)
    HAL_GPIO_Init                            0x08000789   Thumb Code   424  stm32u0xx_hal_gpio.o(.text.HAL_GPIO_Init)
    HAL_GetTick                              0x0800093d   Thumb Code     8  stm32u0xx_hal.o(.text.HAL_GetTick)
    HAL_IncTick                              0x08000945   Thumb Code    16  stm32u0xx_hal.o(.text.HAL_IncTick)
    HAL_Init                                 0x08000959   Thumb Code    24  stm32u0xx_hal.o(.text.HAL_Init)
    HAL_InitTick                             0x08000971   Thumb Code    64  stm32u0xx_hal.o(.text.HAL_InitTick)
    HAL_MspInit                              0x080009b5   Thumb Code    40  stm32u0xx_hal_msp.o(.text.HAL_MspInit)
    HAL_NVIC_EnableIRQ                       0x080009e1   Thumb Code    20  stm32u0xx_hal_cortex.o(.text.HAL_NVIC_EnableIRQ)
    HAL_NVIC_SetPriority                     0x080009f9   Thumb Code    56  stm32u0xx_hal_cortex.o(.text.HAL_NVIC_SetPriority)
    HAL_PWREx_ControlVoltageScaling          0x08000a39   Thumb Code    96  stm32u0xx_hal_pwr_ex.o(.text.HAL_PWREx_ControlVoltageScaling)
    HAL_PWREx_GetVoltageRange                0x08000aa1   Thumb Code    12  stm32u0xx_hal_pwr_ex.o(.text.HAL_PWREx_GetVoltageRange)
    HAL_RCCEx_GetPLLClockFreq                0x08000ab1   Thumb Code   180  stm32u0xx_hal_rcc_ex.o(.text.HAL_RCCEx_GetPLLClockFreq)
    HAL_RCCEx_GetPeriphCLKFreq               0x08000b79   Thumb Code  1116  stm32u0xx_hal_rcc_ex.o(.text.HAL_RCCEx_GetPeriphCLKFreq)
    HAL_RCCEx_PeriphCLKConfig                0x08000ff9   Thumb Code   636  stm32u0xx_hal_rcc_ex.o(.text.HAL_RCCEx_PeriphCLKConfig)
    HAL_RCC_ClockConfig                      0x08001289   Thumb Code   308  stm32u0xx_hal_rcc.o(.text.HAL_RCC_ClockConfig)
    HAL_RCC_GetPCLK1Freq                     0x080013cd   Thumb Code    24  stm32u0xx_hal_rcc.o(.text.HAL_RCC_GetPCLK1Freq)
    HAL_RCC_GetSysClockFreq                  0x080013f1   Thumb Code   172  stm32u0xx_hal_rcc.o(.text.HAL_RCC_GetSysClockFreq)
    HAL_RCC_OscConfig                        0x080014c5   Thumb Code  1772  stm32u0xx_hal_rcc.o(.text.HAL_RCC_OscConfig)
    HAL_SYSTICK_Config                       0x08001bcd   Thumb Code    40  stm32u0xx_hal_cortex.o(.text.HAL_SYSTICK_Config)
    HAL_UARTEx_DisableFifoMode               0x08001c01   Thumb Code    54  stm32u0xx_hal_uart_ex.o(.text.HAL_UARTEx_DisableFifoMode)
    HAL_UARTEx_RxEventCallback               0x08001c37   Thumb Code     2  stm32u0xx_hal_uart.o(.text.HAL_UARTEx_RxEventCallback)
    HAL_UARTEx_RxFifoFullCallback            0x08001c39   Thumb Code     2  stm32u0xx_hal_uart_ex.o(.text.HAL_UARTEx_RxFifoFullCallback)
    HAL_UARTEx_SetRxFifoThreshold            0x08001c3d   Thumb Code   120  stm32u0xx_hal_uart_ex.o(.text.HAL_UARTEx_SetRxFifoThreshold)
    HAL_UARTEx_SetTxFifoThreshold            0x08001cb5   Thumb Code   120  stm32u0xx_hal_uart_ex.o(.text.HAL_UARTEx_SetTxFifoThreshold)
    HAL_UARTEx_TxFifoEmptyCallback           0x08001d35   Thumb Code     2  stm32u0xx_hal_uart_ex.o(.text.HAL_UARTEx_TxFifoEmptyCallback)
    HAL_UARTEx_WakeupCallback                0x08001d37   Thumb Code     2  stm32u0xx_hal_uart_ex.o(.text.HAL_UARTEx_WakeupCallback)
    HAL_UART_AbortReceive                    0x08001d39   Thumb Code   180  stm32u0xx_hal_uart.o(.text.HAL_UART_AbortReceive)
    HAL_UART_ErrorCallback                   0x08001df1   Thumb Code     2  stm32u0xx_hal_uart.o(.text.HAL_UART_ErrorCallback)
    HAL_UART_IRQHandler                      0x08001df5   Thumb Code   960  stm32u0xx_hal_uart.o(.text.HAL_UART_IRQHandler)
    HAL_UART_Init                            0x080021c5   Thumb Code   108  stm32u0xx_hal_uart.o(.text.HAL_UART_Init)
    HAL_UART_MspInit                         0x08002231   Thumb Code   204  stm32u0xx_hal_msp.o(.text.HAL_UART_MspInit)
    HAL_UART_Receive_IT                      0x08002305   Thumb Code   120  stm32u0xx_hal_uart.o(.text.HAL_UART_Receive_IT)
    HAL_UART_RxCpltCallback                  0x08002389   Thumb Code   100  main.o(.text.HAL_UART_RxCpltCallback)
    HAL_UART_Transmit                        0x08002401   Thumb Code   396  stm32u0xx_hal_uart.o(.text.HAL_UART_Transmit)
    HAL_UART_TxCpltCallback                  0x08002591   Thumb Code     2  stm32u0xx_hal_uart.o(.text.HAL_UART_TxCpltCallback)
    HardFault_Handler                        0x08002593   Thumb Code     2  stm32u0xx_it.o(.text.HardFault_Handler)
    NMI_Handler                              0x08002595   Thumb Code     2  stm32u0xx_it.o(.text.NMI_Handler)
    PendSV_Handler                           0x08002597   Thumb Code     2  stm32u0xx_it.o(.text.PendSV_Handler)
    SVC_Handler                              0x08002599   Thumb Code     2  stm32u0xx_it.o(.text.SVC_Handler)
    SysTick_Handler                          0x0800259b   Thumb Code     8  stm32u0xx_it.o(.text.SysTick_Handler)
    SystemInit                               0x080025a5   Thumb Code    44  system_stm32u0xx.o(.text.SystemInit)
    UART_AdvFeatureConfig                    0x080025dd   Thumb Code   210  stm32u0xx_hal_uart.o(.text.UART_AdvFeatureConfig)
    UART_CheckIdleState                      0x080026b1   Thumb Code   196  stm32u0xx_hal_uart.o(.text.UART_CheckIdleState)
    UART_SetConfig                           0x08002cd9   Thumb Code   488  stm32u0xx_hal_uart.o(.text.UART_SetConfig)
    UART_Start_Receive_IT                    0x08002f01   Thumb Code   288  stm32u0xx_hal_uart.o(.text.UART_Start_Receive_IT)
    UART_WaitOnFlagUntilTimeout              0x08003035   Thumb Code   384  stm32u0xx_hal_uart.o(.text.UART_WaitOnFlagUntilTimeout)
    USART2_LPUART2_IRQHandler                0x080031b9   Thumb Code    12  stm32u0xx_it.o(.text.USART2_LPUART2_IRQHandler)
    USART4_LPUART3_IRQHandler                0x080031c5   Thumb Code    12  stm32u0xx_it.o(.text.USART4_LPUART3_IRQHandler)
    main                                     0x080031d1   Thumb Code   668  main.o(.text.main)
    __aeabi_uidiv                            0x080034e1   Thumb Code    68  aeabi_sdivfast.o(.text_divfast)
    __aeabi_idiv                             0x08003525   Thumb Code   434  aeabi_sdivfast.o(.text_divfast)
    AHBPrescTable                            0x080036d6   Data          16  system_stm32u0xx.o(.rodata.AHBPrescTable)
    APBPrescTable                            0x080036e6   Data           8  system_stm32u0xx.o(.rodata.APBPrescTable)
    MSIRangeTable                            0x080036f0   Data          48  system_stm32u0xx.o(.rodata.MSIRangeTable)
    UARTPrescTable                           0x08003720   Data          24  stm32u0xx_hal_uart.o(.rodata.UARTPrescTable)
    Region$$Table$$Base                      0x08003750   Number         0  anon$$obj.o(Region$$Table)
    Region$$Table$$Limit                     0x08003770   Number         0  anon$$obj.o(Region$$Table)
    uwTickFreq                               0x20000000   Data           1  stm32u0xx_hal.o(.data..L_MergedGlobals)
    uwTickPrio                               0x20000004   Data           4  stm32u0xx_hal.o(.data..L_MergedGlobals)
    SystemCoreClock                          0x20000008   Data           4  system_stm32u0xx.o(.data.SystemCoreClock)
    __libspace_start                         0x20000010   Data          96  libspace.o(.bss)
    __temporary_stack_top$libspace           0x20000070   Data           0  libspace.o(.bss)
    rxIndex                                  0x20000070   Data           1  main.o(.bss..L_MergedGlobals)
    testStarted                              0x20000071   Data           1  main.o(.bss..L_MergedGlobals)
    rxByte                                   0x20000072   Data           1  main.o(.bss..L_MergedGlobals)
    rxBuffer                                 0x20000073   Data          32  main.o(.bss..L_MergedGlobals)
    huart2                                   0x20000094   Data         148  main.o(.bss.huart2)
    huart4                                   0x20000128   Data         148  main.o(.bss.huart4)
    uwTick                                   0x200001bc   Data           4  stm32u0xx_hal.o(.bss.uwTick)



==============================================================================

Memory Map of the image

  Image Entry point : 0x080000c1

  Load Region LR_IROM1 (Base: 0x08000000, Size: 0x00003780, Max: 0x00040000, ABSOLUTE)

    Execution Region ER_IROM1 (Exec base: 0x08000000, Load base: 0x08000000, Size: 0x00003770, Max: 0x00040000, ABSOLUTE)

    Exec Addr    Load Addr    Size         Type   Attr      Idx    E Section Name        Object

    0x08000000   0x08000000   0x000000c0   Data   RO            3    RESET               startup_stm32u083xx.o
    0x080000c0   0x080000c0   0x00000008   Code   RO          838  * !!!main             c_p.l(__main.o)
    0x080000c8   0x080000c8   0x0000003c   Code   RO         1032    !!!scatter          c_p.l(__scatter.o)
    0x08000104   0x08000104   0x0000001a   Code   RO         1034    !!handler_copy      c_p.l(__scatter_copy.o)
    0x0800011e   0x0800011e   0x00000002   PAD
    0x08000120   0x08000120   0x0000001c   Code   RO         1036    !!handler_zi        c_p.l(__scatter_zi.o)
    0x0800013c   0x0800013c   0x00000002   Code   RO          823    .ARM.Collect$$_printf_percent$$00000000  c_p.l(_printf_percent.o)
    0x0800013e   0x0800013e   0x0000000a   Code   RO          822    .ARM.Collect$$_printf_percent$$00000009  c_p.l(_printf_d.o)
    0x08000148   0x08000148   0x0000000a   Code   RO          821    .ARM.Collect$$_printf_percent$$00000014  c_p.l(_printf_s.o)
    0x08000152   0x08000152   0x00000004   Code   RO          859    .ARM.Collect$$_printf_percent$$00000017  c_p.l(_printf_percent_end.o)
    0x08000156   0x08000156   0x00000002   Code   RO          895    .ARM.Collect$$libinit$$00000000  c_p.l(libinit.o)
    0x08000158   0x08000158   0x00000000   Code   RO          909    .ARM.Collect$$libinit$$00000002  c_p.l(libinit2.o)
    0x08000158   0x08000158   0x00000000   Code   RO          911    .ARM.Collect$$libinit$$00000004  c_p.l(libinit2.o)
    0x08000158   0x08000158   0x00000000   Code   RO          914    .ARM.Collect$$libinit$$0000000A  c_p.l(libinit2.o)
    0x08000158   0x08000158   0x00000000   Code   RO          916    .ARM.Collect$$libinit$$0000000C  c_p.l(libinit2.o)
    0x08000158   0x08000158   0x00000000   Code   RO          918    .ARM.Collect$$libinit$$0000000E  c_p.l(libinit2.o)
    0x08000158   0x08000158   0x00000000   Code   RO          921    .ARM.Collect$$libinit$$00000011  c_p.l(libinit2.o)
    0x08000158   0x08000158   0x00000000   Code   RO          923    .ARM.Collect$$libinit$$00000013  c_p.l(libinit2.o)
    0x08000158   0x08000158   0x00000000   Code   RO          925    .ARM.Collect$$libinit$$00000015  c_p.l(libinit2.o)
    0x08000158   0x08000158   0x00000000   Code   RO          927    .ARM.Collect$$libinit$$00000017  c_p.l(libinit2.o)
    0x08000158   0x08000158   0x00000000   Code   RO          929    .ARM.Collect$$libinit$$00000019  c_p.l(libinit2.o)
    0x08000158   0x08000158   0x00000000   Code   RO          931    .ARM.Collect$$libinit$$0000001B  c_p.l(libinit2.o)
    0x08000158   0x08000158   0x00000000   Code   RO          933    .ARM.Collect$$libinit$$0000001D  c_p.l(libinit2.o)
    0x08000158   0x08000158   0x00000000   Code   RO          935    .ARM.Collect$$libinit$$0000001F  c_p.l(libinit2.o)
    0x08000158   0x08000158   0x00000000   Code   RO          937    .ARM.Collect$$libinit$$00000021  c_p.l(libinit2.o)
    0x08000158   0x08000158   0x00000000   Code   RO          939    .ARM.Collect$$libinit$$00000023  c_p.l(libinit2.o)
    0x08000158   0x08000158   0x00000000   Code   RO          941    .ARM.Collect$$libinit$$00000025  c_p.l(libinit2.o)
    0x08000158   0x08000158   0x00000000   Code   RO          945    .ARM.Collect$$libinit$$0000002C  c_p.l(libinit2.o)
    0x08000158   0x08000158   0x00000000   Code   RO          947    .ARM.Collect$$libinit$$0000002E  c_p.l(libinit2.o)
    0x08000158   0x08000158   0x00000000   Code   RO          949    .ARM.Collect$$libinit$$00000030  c_p.l(libinit2.o)
    0x08000158   0x08000158   0x00000000   Code   RO          951    .ARM.Collect$$libinit$$00000032  c_p.l(libinit2.o)
    0x08000158   0x08000158   0x00000002   Code   RO          952    .ARM.Collect$$libinit$$00000033  c_p.l(libinit2.o)
    0x0800015a   0x0800015a   0x00000002   Code   RO          987    .ARM.Collect$$libshutdown$$00000000  c_p.l(libshutdown.o)
    0x0800015c   0x0800015c   0x00000000   Code   RO         1015    .ARM.Collect$$libshutdown$$00000002  c_p.l(libshutdown2.o)
    0x0800015c   0x0800015c   0x00000000   Code   RO         1017    .ARM.Collect$$libshutdown$$00000004  c_p.l(libshutdown2.o)
    0x0800015c   0x0800015c   0x00000000   Code   RO         1020    .ARM.Collect$$libshutdown$$00000007  c_p.l(libshutdown2.o)
    0x0800015c   0x0800015c   0x00000000   Code   RO         1023    .ARM.Collect$$libshutdown$$0000000A  c_p.l(libshutdown2.o)
    0x0800015c   0x0800015c   0x00000000   Code   RO         1025    .ARM.Collect$$libshutdown$$0000000C  c_p.l(libshutdown2.o)
    0x0800015c   0x0800015c   0x00000000   Code   RO         1028    .ARM.Collect$$libshutdown$$0000000F  c_p.l(libshutdown2.o)
    0x0800015c   0x0800015c   0x00000002   Code   RO         1029    .ARM.Collect$$libshutdown$$00000010  c_p.l(libshutdown2.o)
    0x0800015e   0x0800015e   0x00000000   Code   RO          840    .ARM.Collect$$rtentry$$00000000  c_p.l(__rtentry.o)
    0x0800015e   0x0800015e   0x00000000   Code   RO          863    .ARM.Collect$$rtentry$$00000002  c_p.l(__rtentry2.o)
    0x0800015e   0x0800015e   0x00000006   Code   RO          875    .ARM.Collect$$rtentry$$00000004  c_p.l(__rtentry4.o)
    0x08000164   0x08000164   0x00000000   Code   RO          865    .ARM.Collect$$rtentry$$00000009  c_p.l(__rtentry2.o)
    0x08000164   0x08000164   0x00000004   Code   RO          866    .ARM.Collect$$rtentry$$0000000A  c_p.l(__rtentry2.o)
    0x08000168   0x08000168   0x00000000   Code   RO          868    .ARM.Collect$$rtentry$$0000000C  c_p.l(__rtentry2.o)
    0x08000168   0x08000168   0x00000008   Code   RO          869    .ARM.Collect$$rtentry$$0000000D  c_p.l(__rtentry2.o)
    0x08000170   0x08000170   0x00000002   Code   RO          900    .ARM.Collect$$rtexit$$00000000  c_p.l(rtexit.o)
    0x08000172   0x08000172   0x00000000   Code   RO          958    .ARM.Collect$$rtexit$$00000002  c_p.l(rtexit2.o)
    0x08000172   0x08000172   0x00000004   Code   RO          959    .ARM.Collect$$rtexit$$00000003  c_p.l(rtexit2.o)
    0x08000176   0x08000176   0x00000006   Code   RO          960    .ARM.Collect$$rtexit$$00000004  c_p.l(rtexit2.o)
    0x0800017c   0x0800017c   0x00000038   Code   RO            4    .text               startup_stm32u083xx.o
    0x080001b4   0x080001b4   0x00000110   Code   RO          789    .text               c_p.l(lludiv.o)
    0x080002c4   0x080002c4   0x0000003c   Code   RO          791    .text               c_p.l(__2snprintf.o)
    0x08000300   0x08000300   0x0000006c   Code   RO          795    .text               c_p.l(__printf.o)
    0x0800036c   0x0800036c   0x00000052   Code   RO          797    .text               c_p.l(_printf_str.o)
    0x080003be   0x080003be   0x00000002   PAD
    0x080003c0   0x080003c0   0x0000006c   Code   RO          799    .text               c_p.l(_printf_dec.o)
    0x0800042c   0x0800042c   0x0000005a   Code   RO          824    .text               c_p.l(memcmp.o)
    0x08000486   0x08000486   0x00000040   Code   RO          826    .text               c_p.l(rt_memclr.o)
    0x080004c6   0x080004c6   0x00000006   Code   RO          836    .text               c_p.l(heapauxi.o)
    0x080004cc   0x080004cc   0x000000b0   Code   RO          849    .text               c_p.l(_printf_intcommon.o)
    0x0800057c   0x0800057c   0x00000030   Code   RO          851    .text               c_p.l(_printf_char_common.o)
    0x080005ac   0x080005ac   0x0000000a   Code   RO          853    .text               c_p.l(_sputc.o)
    0x080005b6   0x080005b6   0x00000010   Code   RO          855    .text               c_p.l(_snputc.o)
    0x080005c6   0x080005c6   0x0000002e   Code   RO          857    .text               c_p.l(_printf_char.o)
    0x080005f4   0x080005f4   0x00000028   Code   RO          860    .text               c_p.l(rtudiv10.o)
    0x0800061c   0x0800061c   0x0000003e   Code   RO          881    .text               c_p.l(sys_stackheap_outer.o)
    0x0800065a   0x0800065a   0x00000010   Code   RO          884    .text               c_p.l(exit.o)
    0x0800066a   0x0800066a   0x00000002   PAD
    0x0800066c   0x0800066c   0x00000008   Code   RO          896    .text               c_p.l(libspace.o)
    0x08000674   0x08000674   0x0000000c   Code   RO          953    .text               c_p.l(sys_exit.o)
    0x08000680   0x08000680   0x00000002   Code   RO          976    .text               c_p.l(use_no_semi.o)
    0x08000682   0x08000682   0x00000000   Code   RO          978    .text               c_p.l(indicate_semi.o)
    0x08000682   0x08000682   0x00000004   Code   RO           19    .text.Error_Handler  main.o
    0x08000686   0x08000686   0x00000002   PAD
    0x08000688   0x08000688   0x0000006c   Code   RO          310    .text.HAL_DMA_Abort  stm32u0xx_hal_dma.o
    0x080006f4   0x080006f4   0x00000070   Code   RO          312    .text.HAL_DMA_Abort_IT  stm32u0xx_hal_dma.o
    0x08000764   0x08000764   0x00000004   Code   RO          324    .text.HAL_DMA_GetError  stm32u0xx_hal_dma.o
    0x08000768   0x08000768   0x00000020   Code   RO          492    .text.HAL_Delay     stm32u0xx_hal.o
    0x08000788   0x08000788   0x000001b4   Code   RO          276    .text.HAL_GPIO_Init  stm32u0xx_hal_gpio.o
    0x0800093c   0x0800093c   0x00000008   Code   RO          484    .text.HAL_GetTick   stm32u0xx_hal.o
    0x08000944   0x08000944   0x00000014   Code   RO          482    .text.HAL_IncTick   stm32u0xx_hal.o
    0x08000958   0x08000958   0x00000018   Code   RO          472    .text.HAL_Init      stm32u0xx_hal.o
    0x08000970   0x08000970   0x00000044   Code   RO          474    .text.HAL_InitTick  stm32u0xx_hal.o
    0x080009b4   0x080009b4   0x0000002c   Code   RO           55    .text.HAL_MspInit   stm32u0xx_hal_msp.o
    0x080009e0   0x080009e0   0x00000018   Code   RO           71    .text.HAL_NVIC_EnableIRQ  stm32u0xx_hal_cortex.o
    0x080009f8   0x080009f8   0x00000040   Code   RO           69    .text.HAL_NVIC_SetPriority  stm32u0xx_hal_cortex.o
    0x08000a38   0x08000a38   0x00000068   Code   RO          394    .text.HAL_PWREx_ControlVoltageScaling  stm32u0xx_hal_pwr_ex.o
    0x08000aa0   0x08000aa0   0x00000010   Code   RO          396    .text.HAL_PWREx_GetVoltageRange  stm32u0xx_hal_pwr_ex.o
    0x08000ab0   0x08000ab0   0x000000c8   Code   RO          151    .text.HAL_RCCEx_GetPLLClockFreq  stm32u0xx_hal_rcc_ex.o
    0x08000b78   0x08000b78   0x00000480   Code   RO          149    .text.HAL_RCCEx_GetPeriphCLKFreq  stm32u0xx_hal_rcc_ex.o
    0x08000ff8   0x08000ff8   0x00000290   Code   RO          145    .text.HAL_RCCEx_PeriphCLKConfig  stm32u0xx_hal_rcc_ex.o
    0x08001288   0x08001288   0x00000144   Code   RO          117    .text.HAL_RCC_ClockConfig  stm32u0xx_hal_rcc.o
    0x080013cc   0x080013cc   0x00000024   Code   RO          123    .text.HAL_RCC_GetPCLK1Freq  stm32u0xx_hal_rcc.o
    0x080013f0   0x080013f0   0x000000d4   Code   RO          115    .text.HAL_RCC_GetSysClockFreq  stm32u0xx_hal_rcc.o
    0x080014c4   0x080014c4   0x00000708   Code   RO          113    .text.HAL_RCC_OscConfig  stm32u0xx_hal_rcc.o
    0x08001bcc   0x08001bcc   0x00000034   Code   RO           77    .text.HAL_SYSTICK_Config  stm32u0xx_hal_cortex.o
    0x08001c00   0x08001c00   0x00000036   Code   RO          749    .text.HAL_UARTEx_DisableFifoMode  stm32u0xx_hal_uart_ex.o
    0x08001c36   0x08001c36   0x00000002   Code   RO          678    .text.HAL_UARTEx_RxEventCallback  stm32u0xx_hal_uart.o
    0x08001c38   0x08001c38   0x00000002   Code   RO          735    .text.HAL_UARTEx_RxFifoFullCallback  stm32u0xx_hal_uart_ex.o
    0x08001c3a   0x08001c3a   0x00000002   PAD
    0x08001c3c   0x08001c3c   0x00000078   Code   RO          753    .text.HAL_UARTEx_SetRxFifoThreshold  stm32u0xx_hal_uart_ex.o
    0x08001cb4   0x08001cb4   0x00000080   Code   RO          751    .text.HAL_UARTEx_SetTxFifoThreshold  stm32u0xx_hal_uart_ex.o
    0x08001d34   0x08001d34   0x00000002   Code   RO          737    .text.HAL_UARTEx_TxFifoEmptyCallback  stm32u0xx_hal_uart_ex.o
    0x08001d36   0x08001d36   0x00000002   Code   RO          733    .text.HAL_UARTEx_WakeupCallback  stm32u0xx_hal_uart_ex.o
    0x08001d38   0x08001d38   0x000000b8   Code   RO          650    .text.HAL_UART_AbortReceive  stm32u0xx_hal_uart.o
    0x08001df0   0x08001df0   0x00000002   Code   RO          676    .text.HAL_UART_ErrorCallback  stm32u0xx_hal_uart.o
    0x08001df2   0x08001df2   0x00000002   PAD
    0x08001df4   0x08001df4   0x000003d0   Code   RO          672    .text.HAL_UART_IRQHandler  stm32u0xx_hal_uart.o
    0x080021c4   0x080021c4   0x0000006c   Code   RO          588    .text.HAL_UART_Init  stm32u0xx_hal_uart.o
    0x08002230   0x08002230   0x000000d4   Code   RO           57    .text.HAL_UART_MspInit  stm32u0xx_hal_msp.o
    0x08002304   0x08002304   0x00000084   Code   RO          624    .text.HAL_UART_Receive_IT  stm32u0xx_hal_uart.o
    0x08002388   0x08002388   0x00000078   Code   RO           13    .text.HAL_UART_RxCpltCallback  main.o
    0x08002400   0x08002400   0x00000190   Code   RO          608    .text.HAL_UART_Transmit  stm32u0xx_hal_uart.o
    0x08002590   0x08002590   0x00000002   Code   RO          680    .text.HAL_UART_TxCpltCallback  stm32u0xx_hal_uart.o
    0x08002592   0x08002592   0x00000002   Code   RO           36    .text.HardFault_Handler  stm32u0xx_it.o
    0x08002594   0x08002594   0x00000002   Code   RO           34    .text.NMI_Handler   stm32u0xx_it.o
    0x08002596   0x08002596   0x00000002   Code   RO           40    .text.PendSV_Handler  stm32u0xx_it.o
    0x08002598   0x08002598   0x00000002   Code   RO           38    .text.SVC_Handler   stm32u0xx_it.o
    0x0800259a   0x0800259a   0x00000008   Code   RO           42    .text.SysTick_Handler  stm32u0xx_it.o
    0x080025a2   0x080025a2   0x00000002   PAD
    0x080025a4   0x080025a4   0x00000038   Code   RO          772    .text.SystemInit    system_stm32u0xx.o
    0x080025dc   0x080025dc   0x000000d2   Code   RO          592    .text.UART_AdvFeatureConfig  stm32u0xx_hal_uart.o
    0x080026ae   0x080026ae   0x00000002   PAD
    0x080026b0   0x080026b0   0x000000c8   Code   RO          596    .text.UART_CheckIdleState  stm32u0xx_hal_uart.o
    0x08002778   0x08002778   0x00000010   Code   RO          674    .text.UART_DMAAbortOnError  stm32u0xx_hal_uart.o
    0x08002788   0x08002788   0x000000e0   Code   RO          714    .text.UART_RxISR_16BIT  stm32u0xx_hal_uart.o
    0x08002868   0x08002868   0x000001b8   Code   RO          710    .text.UART_RxISR_16BIT_FIFOEN  stm32u0xx_hal_uart.o
    0x08002a20   0x08002a20   0x000000f0   Code   RO          716    .text.UART_RxISR_8BIT  stm32u0xx_hal_uart.o
    0x08002b10   0x08002b10   0x000001c8   Code   RO          712    .text.UART_RxISR_8BIT_FIFOEN  stm32u0xx_hal_uart.o
    0x08002cd8   0x08002cd8   0x00000228   Code   RO          594    .text.UART_SetConfig  stm32u0xx_hal_uart.o
    0x08002f00   0x08002f00   0x00000134   Code   RO          626    .text.UART_Start_Receive_IT  stm32u0xx_hal_uart.o
    0x08003034   0x08003034   0x00000184   Code   RO          610    .text.UART_WaitOnFlagUntilTimeout  stm32u0xx_hal_uart.o
    0x080031b8   0x080031b8   0x0000000c   Code   RO           44    .text.USART2_LPUART2_IRQHandler  stm32u0xx_it.o
    0x080031c4   0x080031c4   0x0000000c   Code   RO           46    .text.USART4_LPUART3_IRQHandler  stm32u0xx_it.o
    0x080031d0   0x080031d0   0x00000310   Code   RO           15    .text.main          main.o
    0x080034e0   0x080034e0   0x000001f6   Code   RO          829    .text_divfast       c_p.l(aeabi_sdivfast.o)
    0x080036d6   0x080036d6   0x00000010   Data   RO          777    .rodata.AHBPrescTable  system_stm32u0xx.o
    0x080036e6   0x080036e6   0x00000008   Data   RO          778    .rodata.APBPrescTable  system_stm32u0xx.o
    0x080036ee   0x080036ee   0x00000002   PAD
    0x080036f0   0x080036f0   0x00000030   Data   RO          779    .rodata.MSIRangeTable  system_stm32u0xx.o
    0x08003720   0x08003720   0x00000018   Data   RO          722    .rodata.UARTPrescTable  stm32u0xx_hal_uart.o
    0x08003738   0x08003738   0x00000010   Data   RO          763    .rodata.cst8        stm32u0xx_hal_uart_ex.o
    0x08003748   0x08003748   0x00000005   Data   RO           21    .rodata.str1.1      main.o
    0x0800374d   0x0800374d   0x00000003   PAD
    0x08003750   0x08003750   0x00000020   Data   RO         1031    Region$$Table       anon$$obj.o


    Execution Region RW_IRAM1 (Exec base: 0x20000000, Load base: 0x08003770, Size: 0x000007c0, Max: 0x0000a000, ABSOLUTE)

    Exec Addr    Load Addr    Size         Type   Attr      Idx    E Section Name        Object

    0x20000000   0x08003770   0x00000008   Data   RW          553    .data..L_MergedGlobals  stm32u0xx_hal.o
    0x20000008   0x08003778   0x00000004   Data   RW          776    .data.SystemCoreClock  system_stm32u0xx.o
    0x2000000c   0x0800377c   0x00000004   PAD
    0x20000010        -       0x00000060   Zero   RW          897    .bss                c_p.l(libspace.o)
    0x20000070        -       0x00000023   Zero   RW           25    .bss..L_MergedGlobals  main.o
    0x20000093   0x0800377c   0x00000001   PAD
    0x20000094        -       0x00000094   Zero   RW           23    .bss.huart2         main.o
    0x20000128        -       0x00000094   Zero   RW           22    .bss.huart4         main.o
    0x200001bc        -       0x00000004   Zero   RW          552    .bss.uwTick         stm32u0xx_hal.o
    0x200001c0        -       0x00000200   Zero   RW            2    HEAP                startup_stm32u083xx.o
    0x200003c0        -       0x00000400   Zero   RW            1    STACK               startup_stm32u083xx.o


==============================================================================

Image component sizes


      Code (inc. data)   RO Data    RW Data    ZI Data      Debug   Object Name

       908        136          5          0        331      10254   main.o
        56         26        192          0       1536        652   startup_stm32u083xx.o
       152          8          0          8          4       8482   stm32u0xx_hal.o
       140         24          0          0          0       7183   stm32u0xx_hal_cortex.o
       224          4          0          0          0       9675   stm32u0xx_hal_dma.o
       436         12          0          0          0       5161   stm32u0xx_hal_gpio.o
       256         12          0          0          0       7441   stm32u0xx_hal_msp.o
       120         12          0          0          0       9026   stm32u0xx_hal_pwr_ex.o
      2372        132          0          0          0      11685   stm32u0xx_hal_rcc.o
      2008        388          0          0          0      14128   stm32u0xx_hal_rcc_ex.o
      4840        160         24          0          0      50030   stm32u0xx_hal_uart.o
       308          8         16          0          0      12492   stm32u0xx_hal_uart_ex.o
        40          0          0          0          0       1254   stm32u0xx_it.o
        56         12         72          4          0       3475   system_stm32u0xx.o

    ----------------------------------------------------------------------
     11926        934        346         12       1876     150938   Object Totals
         0          0         32          0          0          0   (incl. Generated)
        10          0          5          0          5          0   (incl. Padding)

    ----------------------------------------------------------------------

      Code (inc. data)   RO Data    RW Data    ZI Data      Debug   Library Member Name

        60          6          0          0          0         92   __2snprintf.o
         8          0          0          0          0         68   __main.o
       108          0          0          0          0         76   __printf.o
         0          0          0          0          0          0   __rtentry.o
        12          0          0          0          0          0   __rtentry2.o
         6          0          0          0          0          0   __rtentry4.o
        60          8          0          0          0          0   __scatter.o
        26          0          0          0          0          0   __scatter_copy.o
        28          0          0          0          0          0   __scatter_zi.o
        46          0          0          0          0        100   _printf_char.o
        48          6          0          0          0         88   _printf_char_common.o
        10          0          0          0          0          0   _printf_d.o
       108         18          0          0          0         76   _printf_dec.o
       176          0          0          0          0         84   _printf_intcommon.o
         2          0          0          0          0          0   _printf_percent.o
         4          0          0          0          0          0   _printf_percent_end.o
        10          0          0          0          0          0   _printf_s.o
        82          0          0          0          0         72   _printf_str.o
        16          0          0          0          0         60   _snputc.o
        10          0          0          0          0         60   _sputc.o
       502          0          0          0          0         92   aeabi_sdivfast.o
        16          0          0          0          0         68   exit.o
         6          0          0          0          0        136   heapauxi.o
         0          0          0          0          0          0   indicate_semi.o
         2          0          0          0          0          0   libinit.o
         2          0          0          0          0          0   libinit2.o
         2          0          0          0          0          0   libshutdown.o
         2          0          0          0          0          0   libshutdown2.o
         8          4          0          0         96         68   libspace.o
       272          0          0          0          0         88   lludiv.o
        90          0          0          0          0         68   memcmp.o
        64          0          0          0          0        108   rt_memclr.o
         2          0          0          0          0          0   rtexit.o
        10          0          0          0          0          0   rtexit2.o
        40          0          0          0          0         60   rtudiv10.o
        12          4          0          0          0         60   sys_exit.o
        62          0          0          0          0         80   sys_stackheap_outer.o
         2          0          0          0          0         68   use_no_semi.o

    ----------------------------------------------------------------------
      1920         46          0          0         96       1672   Library Totals
         6          0          0          0          0          0   (incl. Padding)

    ----------------------------------------------------------------------

      Code (inc. data)   RO Data    RW Data    ZI Data      Debug   Library Name

      1914         46          0          0         96       1672   c_p.l

    ----------------------------------------------------------------------
      1920         46          0          0         96       1672   Library Totals

    ----------------------------------------------------------------------

==============================================================================


      Code (inc. data)   RO Data    RW Data    ZI Data      Debug   

     13846        980        346         12       1972     151654   Grand Totals
     13846        980        346         12       1972     151654   ELF Image Totals
     13846        980        346         12          0          0   ROM Totals

==============================================================================

    Total RO  Size (Code + RO Data)                14192 (  13.86kB)
    Total RW  Size (RW Data + ZI Data)              1984 (   1.94kB)
    Total ROM Size (Code + RO Data + RW Data)      14204 (  13.87kB)

==============================================================================

