<html>
<body>
<pre>
<h1>µVision Build Log</h1>
<h2>Tool Versions:</h2>
IDE-Version: µVision V5.38.0.0
Copyright (C) 2022 ARM Ltd and ARM Germany GmbH. All rights reserved.
License Information: mfk mfk, mfk mfk, LIC=NQQMA-1P13C-EV71R-KCTU3-S44U1-1MSPY
 
Tool Versions:
Toolchain:       MDK-ARM Plus  Version: 5.36.0.0
Toolchain Path:  C:\Keil_v5\ARM\ARMCLANG\Bin
C Compiler:      ArmClang.exe V6.16
Assembler:       Armasm.exe V6.16
Linker/Locator:  ArmLink.exe V6.16
Library Manager: ArmAr.exe V6.16
Hex Converter:   FromElf.exe V6.16
CPU DLL:         SARMCM3.DLL V5.36.0.0
Dialog DLL:      DARMCM1.DLL V1.19.4.0
Target DLL:      STLink\ST-LINKIII-KEIL_SWO.dll V3.0.9.0
Dialog DLL:      TARMCM1.DLL V1.14.4.0
 
<h2>Project:</h2>
C:\Users\fatih\STM32CubeIDE\st_workspace_2.0.0\TestSystemCommunicationAnalyzer_STM32U083\MDK-ARM\TestSystemCommunicationAnalyzer_STM32U083.uvprojx
Project File Date:  03/11/2026

<h2>Output:</h2>
*** Using Compiler 'V6.16', folder: 'C:\Keil_v5\ARM\ARMCLANG\Bin'
Build target 'TestSystemCommunicationAnalyzer_STM32U083'
compiling main.c...
linking...
Program Size: Code=13846 RO-data=346 RW-data=12 ZI-data=1972  
FromELF: creating hex file...
"TestSystemCommunicationAnalyzer_STM32U083\TestSystemCommunicationAnalyzer_STM32U083.axf" - 0 Error(s), 0 Warning(s).

<h2>Software Packages used:</h2>

Package Vendor: ARM
                https://www.keil.com/pack/ARM.CMSIS.6.1.0.pack
                ARM.CMSIS.6.1.0
                CMSIS (Common Microcontroller Software Interface Standard)
   * Component: CORE Version: 6.1.0

Package Vendor: Keil
                https://www.keil.com/pack/Keil.STM32U0xx_DFP.1.0.0.pack
                Keil.STM32U0xx_DFP.1.0.0
                STMicroelectronics STM32U0 Series Device Support

<h2>Collection of Component include folders:</h2>
  ./RTE/_TestSystemCommunicationAnalyzer_STM32U083
  C:/Users/fatih/AppData/Local/Arm/Packs/ARM/CMSIS/6.1.0/CMSIS/Core/Include

<h2>Collection of Component Files used:</h2>

   * Component: ARM::CMSIS:CORE:6.1.0
      Include file:  CMSIS/Core/Include/tz_context.h
Build Time Elapsed:  00:00:00
</pre>
</body>
</html>
